Reusing configuration cache.
> Task :app:processResources NO-SOURCE
> Task :app:compileJava
> Task :app:classes

> Task :app:run
Directorio actual: /mnt/c/Users/XF/Documents/UPC/3 Grau/Quatrimestre 2/IA/NetSensors/app
sensor(x=36, y=01, capacity=05)
sensor(x=96, y=18, capacity=01)
sensor(x=41, y=73, capacity=01)
sensor(x=92, y=39, capacity=05)
sensor(x=72, y=30, capacity=02)
sensor(x=83, y=66, capacity=02)
sensor(x=48, y=85, capacity=02)
sensor(x=33, y=17, capacity=05)
sensor(x=01, y=07, capacity=01)
sensor(x=96, y=29, capacity=02)
center(x=28, y=33)
center(x=33, y=20)
Edge: distance: 66.21 transmition: 4 cost: 17536		 sensor(x=36, y=01, capacity=05) -> sensor(x=96, y=29, capacity=02)
Edge: distance: 11.00 transmition: 1 cost: 121		 sensor(x=96, y=18, capacity=01) -> sensor(x=96, y=29, capacity=02)
Edge: distance: 70.43 transmition: 3 cost: 14883		 sensor(x=41, y=73, capacity=01) -> sensor(x=96, y=29, capacity=02)
Edge: distance: 96.46 transmition: 2 cost: 18610		 sensor(x=92, y=39, capacity=05) -> sensor(x=01, y=07, capacity=01)
Edge: distance: 74.63 transmition: 2 cost: 11140		 sensor(x=72, y=30, capacity=02) -> sensor(x=01, y=07, capacity=01)
Edge: distance: 70.01 transmition: 2 cost: 9802		 sensor(x=83, y=66, capacity=02) -> sensor(x=33, y=17, capacity=05)
Edge: distance: 13.89 transmition: 2 cost: 386		 sensor(x=48, y=85, capacity=02) -> sensor(x=41, y=73, capacity=01)
Edge: distance: 56.57 transmition: 2 cost: 6400		 sensor(x=33, y=17, capacity=05) -> sensor(x=41, y=73, capacity=01)
Edge: distance: 77.18 transmition: 2 cost: 11912		 sensor(x=01, y=07, capacity=01) -> sensor(x=41, y=73, capacity=01)
Edge: distance: 68.12 transmition: 6 cost: 27840		 sensor(x=96, y=29, capacity=02) -> center(x=28, y=33)
Cost: 108708.0
Lineal Cost: 118630
Volumne: 6 Mbits
Trying HC with 2 iterations
iteration 1: 43 ms
iteration 0: 0 ms

BUILD SUCCESSFUL in 8s
2 actionable tasks: 2 executed
Configuration cache entry reused.
