sensor(x=67, y=36, capacity=01)
sensor(x=01, y=23, capacity=02)
sensor(x=96, y=18, capacity=05)
sensor(x=54, y=41, capacity=01)
sensor(x=73, y=13, capacity=02)
sensor(x=92, y=39, capacity=05)
sensor(x=86, y=72, capacity=01)
sensor(x=30, y=72, capacity=02)
sensor(x=83, y=66, capacity=05)
sensor(x=70, y=48, capacity=01)
sensor(x=85, y=51, capacity=02)
sensor(x=33, y=17, capacity=05)
sensor(x=40, y=01, capacity=01)
sensor(x=07, y=81, capacity=02)
sensor(x=96, y=29, capacity=05)
sensor(x=10, y=36, capacity=01)
sensor(x=34, y=88, capacity=02)
sensor(x=85, y=03, capacity=05)
sensor(x=13, y=13, capacity=01)
sensor(x=50, y=68, capacity=02)
sensor(x=51, y=05, capacity=05)
sensor(x=73, y=70, capacity=01)
sensor(x=58, y=98, capacity=02)
sensor(x=64, y=21, capacity=05)
sensor(x=97, y=62, capacity=01)
sensor(x=31, y=28, capacity=02)
sensor(x=76, y=36, capacity=05)
sensor(x=11, y=11, capacity=01)
sensor(x=07, y=65, capacity=02)
sensor(x=76, y=24, capacity=05)
sensor(x=60, y=12, capacity=01)
sensor(x=77, y=58, capacity=02)
sensor(x=59, y=57, capacity=05)
sensor(x=41, y=36, capacity=01)
sensor(x=84, y=08, capacity=02)
sensor(x=64, y=68, capacity=05)
sensor(x=31, y=58, capacity=01)
sensor(x=87, y=03, capacity=02)
sensor(x=79, y=65, capacity=05)
sensor(x=77, y=13, capacity=01)
sensor(x=18, y=08, capacity=02)
sensor(x=63, y=43, capacity=05)
sensor(x=06, y=99, capacity=01)
sensor(x=26, y=13, capacity=02)
sensor(x=06, y=48, capacity=05)
sensor(x=96, y=39, capacity=01)
sensor(x=91, y=15, capacity=02)
sensor(x=13, y=37, capacity=05)
sensor(x=86, y=57, capacity=01)
sensor(x=09, y=49, capacity=02)
sensor(x=94, y=39, capacity=05)
sensor(x=41, y=57, capacity=01)
sensor(x=39, y=56, capacity=02)
sensor(x=82, y=25, capacity=05)
sensor(x=62, y=05, capacity=01)
sensor(x=93, y=08, capacity=02)
sensor(x=51, y=80, capacity=05)
sensor(x=20, y=04, capacity=01)
sensor(x=98, y=56, capacity=02)
sensor(x=78, y=79, capacity=05)
sensor(x=23, y=94, capacity=01)
sensor(x=48, y=02, capacity=02)
sensor(x=74, y=66, capacity=05)
sensor(x=06, y=41, capacity=01)
sensor(x=22, y=76, capacity=02)
sensor(x=33, y=39, capacity=05)
sensor(x=40, y=60, capacity=01)
sensor(x=45, y=26, capacity=02)
sensor(x=59, y=18, capacity=05)
sensor(x=18, y=78, capacity=01)
sensor(x=62, y=49, capacity=02)
sensor(x=53, y=89, capacity=05)
sensor(x=12, y=77, capacity=01)
sensor(x=49, y=07, capacity=02)
sensor(x=70, y=09, capacity=05)
sensor(x=64, y=62, capacity=01)
sensor(x=14, y=90, capacity=02)
sensor(x=93, y=91, capacity=05)
sensor(x=63, y=44, capacity=01)
sensor(x=49, y=76, capacity=02)
sensor(x=02, y=76, capacity=05)
sensor(x=20, y=79, capacity=01)
sensor(x=26, y=81, capacity=02)
sensor(x=82, y=01, capacity=05)
sensor(x=08, y=57, capacity=01)
sensor(x=00, y=13, capacity=02)
sensor(x=26, y=32, capacity=05)
sensor(x=06, y=92, capacity=01)
sensor(x=74, y=29, capacity=02)
sensor(x=26, y=40, capacity=05)
sensor(x=31, y=69, capacity=01)
sensor(x=34, y=61, capacity=02)
sensor(x=68, y=21, capacity=05)
sensor(x=10, y=16, capacity=01)
sensor(x=96, y=68, capacity=02)
sensor(x=37, y=52, capacity=05)
sensor(x=87, y=49, capacity=01)
sensor(x=40, y=03, capacity=02)
sensor(x=35, y=07, capacity=05)
sensor(x=62, y=86, capacity=01)
center(x=28, y=33)
center(x=33, y=20)
center(x=10, y=93)
center(x=29, y=49)
Edge: distance: 24.17 transmition: 3 cost: 1752          sensor(x=67, y=36, capacity=01) -> sensor(x=45, y=26, capacity=02)
Edge: distance: 11.40 transmition: 2 cost: 260           sensor(x=01, y=23, capacity=02) -> sensor(x=10, y=16, capacity=01)
Edge: distance: 5.83 transmition: 5 cost: 170            sensor(x=96, y=18, capacity=05) -> sensor(x=91, y=15, capacity=02)
Edge: distance: 26.42 transmition: 3 cost: 2094          sensor(x=54, y=41, capacity=01) -> sensor(x=31, y=28, capacity=02)
Edge: distance: 4.00 transmition: 2 cost: 32             sensor(x=73, y=13, capacity=02) -> sensor(x=77, y=13, capacity=01)
Edge: distance: 30.00 transmition: 5 cost: 4500          sensor(x=92, y=39, capacity=05) -> sensor(x=68, y=21, capacity=05)
Edge: distance: 27.78 transmition: 3 cost: 2316          sensor(x=86, y=72, capacity=01) -> sensor(x=62, y=86, capacity=01)
Edge: distance: 3.16 transmition: 2 cost: 20             sensor(x=30, y=72, capacity=02) -> sensor(x=31, y=69, capacity=01)
Edge: distance: 4.12 transmition: 5 cost: 85             sensor(x=83, y=66, capacity=05) -> sensor(x=79, y=65, capacity=05)
Edge: distance: 8.06 transmition: 3 cost: 195            sensor(x=70, y=48, capacity=01) -> sensor(x=63, y=44, capacity=01)
Edge: distance: 2.83 transmition: 2 cost: 16             sensor(x=85, y=51, capacity=02) -> sensor(x=87, y=49, capacity=01)
Edge: distance: 3.00 transmition: 15 cost: 135           sensor(x=33, y=17, capacity=05) -> center(x=33, y=20)
Edge: distance: 2.00 transmition: 1 cost: 4              sensor(x=40, y=01, capacity=01) -> sensor(x=40, y=03, capacity=02)
Edge: distance: 12.37 transmition: 4 cost: 612           sensor(x=07, y=81, capacity=02) -> center(x=10, y=93)
Edge: distance: 29.12 transmition: 5 cost: 4240          sensor(x=96, y=29, capacity=05) -> sensor(x=68, y=21, capacity=05)
Edge: distance: 3.16 transmition: 3 cost: 30             sensor(x=10, y=36, capacity=01) -> sensor(x=13, y=37, capacity=05)
Edge: distance: 12.53 transmition: 2 cost: 314           sensor(x=34, y=88, capacity=02) -> sensor(x=23, y=94, capacity=01)
Edge: distance: 2.00 transmition: 5 cost: 20             sensor(x=85, y=03, capacity=05) -> sensor(x=87, y=03, capacity=02)
Edge: distance: 21.19 transmition: 1 cost: 449           sensor(x=13, y=13, capacity=01) -> center(x=33, y=20)
Edge: distance: 12.81 transmition: 6 cost: 984           sensor(x=50, y=68, capacity=02) -> sensor(x=40, y=60, capacity=01)
Edge: distance: 23.43 transmition: 15 cost: 8235                 sensor(x=51, y=05, capacity=05) -> center(x=33, y=20)
Edge: distance: 28.79 transmition: 1 cost: 829           sensor(x=73, y=70, capacity=01) -> sensor(x=63, y=43, capacity=05)
Edge: distance: 10.30 transmition: 2 cost: 212           sensor(x=58, y=98, capacity=02) -> sensor(x=53, y=89, capacity=05)
Edge: distance: 31.02 transmition: 15 cost: 14430                sensor(x=64, y=21, capacity=05) -> center(x=33, y=20)
Edge: distance: 6.08 transmition: 1 cost: 37             sensor(x=97, y=62, capacity=01) -> sensor(x=96, y=68, capacity=02)
Edge: distance: 6.40 transmition: 6 cost: 246            sensor(x=31, y=28, capacity=02) -> sensor(x=26, y=32, capacity=05)
Edge: distance: 7.28 transmition: 8 cost: 424            sensor(x=76, y=36, capacity=05) -> sensor(x=74, y=29, capacity=02)
Edge: distance: 15.13 transmition: 3 cost: 687           sensor(x=11, y=11, capacity=01) -> sensor(x=26, y=13, capacity=02)
Edge: distance: 16.00 transmition: 2 cost: 512           sensor(x=07, y=65, capacity=02) -> sensor(x=07, y=81, capacity=02)
Edge: distance: 12.37 transmition: 10 cost: 1530                 sensor(x=76, y=24, capacity=05) -> sensor(x=64, y=21, capacity=05)
Edge: distance: 12.08 transmition: 3 cost: 438           sensor(x=60, y=12, capacity=01) -> sensor(x=49, y=07, capacity=02)
Edge: distance: 8.54 transmition: 2 cost: 146            sensor(x=77, y=58, capacity=02) -> sensor(x=74, y=66, capacity=05)
Edge: distance: 31.05 transmition: 15 cost: 14460                sensor(x=59, y=57, capacity=05) -> center(x=29, y=49)
Edge: distance: 8.54 transmition: 3 cost: 219            sensor(x=41, y=36, capacity=01) -> sensor(x=33, y=39, capacity=05)
Edge: distance: 24.33 transmition: 2 cost: 1184          sensor(x=84, y=08, capacity=02) -> sensor(x=60, y=12, capacity=01)
Edge: distance: 39.82 transmition: 10 cost: 15860                sensor(x=64, y=68, capacity=05) -> center(x=29, y=49)
Edge: distance: 9.22 transmition: 1 cost: 85             sensor(x=31, y=58, capacity=01) -> center(x=29, y=49)
Edge: distance: 25.08 transmition: 6 cost: 3774          sensor(x=87, y=03, capacity=02) -> sensor(x=62, y=05, capacity=01)
Edge: distance: 21.54 transmition: 10 cost: 4640                 sensor(x=79, y=65, capacity=05) -> sensor(x=59, y=57, capacity=05)
Edge: distance: 42.43 transmition: 3 cost: 5400          sensor(x=77, y=13, capacity=01) -> sensor(x=35, y=07, capacity=05)
Edge: distance: 7.62 transmition: 2 cost: 116            sensor(x=18, y=08, capacity=02) -> sensor(x=11, y=11, capacity=01)
Edge: distance: 9.22 transmition: 7 cost: 595            sensor(x=63, y=43, capacity=05) -> sensor(x=54, y=41, capacity=01)
Edge: distance: 7.21 transmition: 1 cost: 52             sensor(x=06, y=99, capacity=01) -> center(x=10, y=93)
Edge: distance: 8.06 transmition: 6 cost: 390            sensor(x=26, y=13, capacity=02) -> sensor(x=33, y=17, capacity=05)
Edge: distance: 7.00 transmition: 8 cost: 392            sensor(x=06, y=48, capacity=05) -> sensor(x=06, y=41, capacity=01)
Edge: distance: 33.24 transmition: 1 cost: 1105          sensor(x=96, y=39, capacity=01) -> sensor(x=63, y=43, capacity=05)
Edge: distance: 14.14 transmition: 6 cost: 1200          sensor(x=91, y=15, capacity=02) -> sensor(x=77, y=13, capacity=01)
Edge: distance: 15.52 transmition: 15 cost: 3615                 sensor(x=13, y=37, capacity=05) -> center(x=28, y=33)
Edge: distance: 28.32 transmition: 3 cost: 2406          sensor(x=86, y=57, capacity=01) -> sensor(x=67, y=36, capacity=01)
Edge: distance: 3.16 transmition: 3 cost: 30             sensor(x=09, y=49, capacity=02) -> sensor(x=06, y=48, capacity=05)
Edge: distance: 25.63 transmition: 5 cost: 3285          sensor(x=94, y=39, capacity=05) -> sensor(x=70, y=48, capacity=01)
Edge: distance: 2.24 transmition: 3 cost: 15             sensor(x=41, y=57, capacity=01) -> sensor(x=39, y=56, capacity=02)
Edge: distance: 12.21 transmition: 6 cost: 894           sensor(x=39, y=56, capacity=02) -> center(x=29, y=49)
Edge: distance: 6.08 transmition: 5 cost: 185            sensor(x=82, y=25, capacity=05) -> sensor(x=76, y=24, capacity=05)
Edge: distance: 11.00 transmition: 3 cost: 363           sensor(x=62, y=05, capacity=01) -> sensor(x=51, y=05, capacity=05)
Edge: distance: 7.81 transmition: 2 cost: 122            sensor(x=93, y=08, capacity=02) -> sensor(x=87, y=03, capacity=02)
Edge: distance: 38.01 transmition: 12 cost: 17340                sensor(x=51, y=80, capacity=05) -> center(x=29, y=49)
Edge: distance: 20.62 transmition: 1 cost: 425           sensor(x=20, y=04, capacity=01) -> center(x=33, y=20)
Edge: distance: 12.04 transmition: 2 cost: 290           sensor(x=98, y=56, capacity=02) -> sensor(x=86, y=57, capacity=01)
Edge: distance: 17.80 transmition: 5 cost: 1585          sensor(x=78, y=79, capacity=05) -> sensor(x=64, y=68, capacity=05)
Edge: distance: 9.85 transmition: 3 cost: 291            sensor(x=23, y=94, capacity=01) -> sensor(x=14, y=90, capacity=02)
Edge: distance: 8.06 transmition: 2 cost: 130            sensor(x=48, y=02, capacity=02) -> sensor(x=40, y=03, capacity=02)
Edge: distance: 24.08 transmition: 7 cost: 4060          sensor(x=74, y=66, capacity=05) -> sensor(x=50, y=68, capacity=02)
Edge: distance: 6.40 transmition: 3 cost: 123            sensor(x=06, y=41, capacity=01) -> sensor(x=10, y=36, capacity=01)
Edge: distance: 10.05 transmition: 2 cost: 202           sensor(x=22, y=76, capacity=02) -> sensor(x=12, y=77, capacity=01)
Edge: distance: 7.81 transmition: 15 cost: 915           sensor(x=33, y=39, capacity=05) -> center(x=28, y=33)
Edge: distance: 8.54 transmition: 3 cost: 219            sensor(x=40, y=60, capacity=01) -> sensor(x=37, y=52, capacity=05)
Edge: distance: 13.42 transmition: 6 cost: 1080          sensor(x=45, y=26, capacity=02) -> center(x=33, y=20)
Edge: distance: 26.08 transmition: 15 cost: 10200                sensor(x=59, y=18, capacity=05) -> center(x=33, y=20)
Edge: distance: 12.65 transmition: 1 cost: 160           sensor(x=18, y=78, capacity=01) -> sensor(x=14, y=90, capacity=02)
Edge: distance: 5.10 transmition: 2 cost: 52             sensor(x=62, y=49, capacity=02) -> sensor(x=63, y=44, capacity=01)
Edge: distance: 9.22 transmition: 7 cost: 595            sensor(x=53, y=89, capacity=05) -> sensor(x=51, y=80, capacity=05)
Edge: distance: 16.12 transmition: 3 cost: 780           sensor(x=12, y=77, capacity=01) -> center(x=10, y=93)
Edge: distance: 20.62 transmition: 5 cost: 2125          sensor(x=49, y=07, capacity=02) -> center(x=33, y=20)
Edge: distance: 38.60 transmition: 10 cost: 14900                sensor(x=70, y=09, capacity=05) -> center(x=33, y=20)
Edge: distance: 23.54 transmition: 1 cost: 554           sensor(x=64, y=62, capacity=01) -> sensor(x=41, y=57, capacity=01)
Edge: distance: 5.00 transmition: 6 cost: 150            sensor(x=14, y=90, capacity=02) -> center(x=10, y=93)
Edge: distance: 20.25 transmition: 5 cost: 2050          sensor(x=93, y=91, capacity=05) -> sensor(x=86, y=72, capacity=01)
Edge: distance: 23.41 transmition: 3 cost: 1644          sensor(x=63, y=44, capacity=01) -> sensor(x=41, y=36, capacity=01)
Edge: distance: 20.62 transmition: 2 cost: 850           sensor(x=49, y=76, capacity=02) -> sensor(x=41, y=57, capacity=01)
Edge: distance: 18.79 transmition: 5 cost: 1765          sensor(x=02, y=76, capacity=05) -> center(x=10, y=93)
Edge: distance: 17.20 transmition: 3 cost: 888           sensor(x=20, y=79, capacity=01) -> center(x=10, y=93)
Edge: distance: 6.32 transmition: 2 cost: 80             sensor(x=26, y=81, capacity=02) -> sensor(x=20, y=79, capacity=01)
Edge: distance: 14.42 transmition: 5 cost: 1040          sensor(x=82, y=01, capacity=05) -> sensor(x=70, y=09, capacity=05)
Edge: distance: 8.06 transmition: 1 cost: 65             sensor(x=08, y=57, capacity=01) -> sensor(x=09, y=49, capacity=02)
Edge: distance: 10.44 transmition: 2 cost: 218           sensor(x=00, y=13, capacity=02) -> sensor(x=10, y=16, capacity=01)
Edge: distance: 2.24 transmition: 15 cost: 75            sensor(x=26, y=32, capacity=05) -> center(x=28, y=33)
Edge: distance: 4.12 transmition: 1 cost: 17             sensor(x=06, y=92, capacity=01) -> center(x=10, y=93)
Edge: distance: 18.60 transmition: 6 cost: 2076          sensor(x=74, y=29, capacity=02) -> sensor(x=59, y=18, capacity=05)
Edge: distance: 7.28 transmition: 15 cost: 795           sensor(x=26, y=40, capacity=05) -> center(x=28, y=33)
Edge: distance: 8.54 transmition: 3 cost: 219            sensor(x=31, y=69, capacity=01) -> sensor(x=34, y=61, capacity=02)
Edge: distance: 13.00 transmition: 5 cost: 845           sensor(x=34, y=61, capacity=02) -> center(x=29, y=49)
Edge: distance: 35.01 transmition: 15 cost: 18390                sensor(x=68, y=21, capacity=05) -> center(x=33, y=20)
Edge: distance: 5.10 transmition: 3 cost: 78             sensor(x=10, y=16, capacity=01) -> sensor(x=11, y=11, capacity=01)
Edge: distance: 10.77 transmition: 3 cost: 348           sensor(x=96, y=68, capacity=02) -> sensor(x=86, y=72, capacity=01)
Edge: distance: 8.54 transmition: 15 cost: 1095          sensor(x=37, y=52, capacity=05) -> center(x=29, y=49)
Edge: distance: 17.03 transmition: 3 cost: 870           sensor(x=87, y=49, capacity=01) -> sensor(x=76, y=36, capacity=05)
Edge: distance: 18.38 transmition: 5 cost: 1690          sensor(x=40, y=03, capacity=02) -> center(x=33, y=20)
Edge: distance: 13.15 transmition: 15 cost: 2595                 sensor(x=35, y=07, capacity=05) -> center(x=33, y=20)
Edge: distance: 58.41 transmition: 3 cost: 10236                 sensor(x=62, y=86, capacity=01) -> sensor(x=26, y=40, capacity=05)
Cost: 210446
Volumne: 265 Mbits