Reusing configuration cache.
> Task :app:processResources NO-SOURCE
> Task :app:compileJava UP-TO-DATE
> Task :app:classes UP-TO-DATE

> Task :app:run
1116 ms
sensor(x=67, y=36, capacity=05)
sensor(x=23, y=96, capacity=01)
sensor(x=54, y=41, capacity=01)
sensor(x=13, y=92, capacity=02)
sensor(x=86, y=72, capacity=05)
sensor(x=72, y=83, capacity=01)
sensor(x=70, y=48, capacity=01)
sensor(x=51, y=33, capacity=01)
sensor(x=40, y=01, capacity=02)
sensor(x=81, y=96, capacity=02)
sensor(x=10, y=36, capacity=02)
sensor(x=88, y=85, capacity=02)
sensor(x=13, y=13, capacity=01)
sensor(x=68, y=51, capacity=01)
sensor(x=73, y=70, capacity=05)
sensor(x=98, y=64, capacity=01)
sensor(x=97, y=62, capacity=01)
sensor(x=28, y=76, capacity=02)
sensor(x=11, y=11, capacity=05)
sensor(x=65, y=76, capacity=05)
sensor(x=60, y=12, capacity=01)
sensor(x=58, y=59, capacity=05)
sensor(x=41, y=36, capacity=01)
sensor(x=08, y=64, capacity=05)
sensor(x=31, y=58, capacity=05)
sensor(x=03, y=79, capacity=01)
sensor(x=77, y=13, capacity=05)
sensor(x=08, y=63, capacity=05)
sensor(x=06, y=99, capacity=05)
sensor(x=13, y=06, capacity=01)
sensor(x=96, y=39, capacity=01)
sensor(x=15, y=13, capacity=05)
sensor(x=86, y=57, capacity=01)
sensor(x=49, y=94, capacity=05)
sensor(x=41, y=57, capacity=02)
sensor(x=56, y=82, capacity=01)
sensor(x=62, y=05, capacity=05)
sensor(x=08, y=51, capacity=02)
sensor(x=20, y=04, capacity=01)
sensor(x=56, y=78, capacity=05)
sensor(x=23, y=94, capacity=02)
sensor(x=02, y=74, capacity=02)
sensor(x=06, y=41, capacity=02)
sensor(x=76, y=33, capacity=02)
sensor(x=40, y=60, capacity=02)
sensor(x=26, y=59, capacity=05)
sensor(x=18, y=78, capacity=02)
sensor(x=49, y=53, capacity=02)
sensor(x=12, y=77, capacity=02)
sensor(x=07, y=70, capacity=01)
sensor(x=64, y=62, capacity=02)
sensor(x=90, y=93, capacity=02)
sensor(x=63, y=44, capacity=02)
sensor(x=76, y=02, capacity=02)
sensor(x=20, y=79, capacity=02)
sensor(x=81, y=82, capacity=02)
sensor(x=08, y=57, capacity=02)
sensor(x=13, y=26, capacity=02)
sensor(x=06, y=92, capacity=02)
sensor(x=29, y=26, capacity=02)
sensor(x=31, y=69, capacity=01)
sensor(x=61, y=68, capacity=01)
sensor(x=10, y=16, capacity=02)
sensor(x=68, y=37, capacity=05)
sensor(x=87, y=49, capacity=01)
sensor(x=03, y=35, capacity=01)
sensor(x=62, y=86, capacity=05)
sensor(x=54, y=63, capacity=01)
sensor(x=45, y=31, capacity=02)
sensor(x=21, y=70, capacity=05)
sensor(x=53, y=20, capacity=05)
sensor(x=02, y=33, capacity=05)
sensor(x=17, y=36, capacity=02)
sensor(x=04, y=51, capacity=01)
sensor(x=12, y=79, capacity=02)
sensor(x=15, y=80, capacity=02)
sensor(x=63, y=46, capacity=05)
sensor(x=02, y=63, capacity=05)
sensor(x=27, y=18, capacity=01)
sensor(x=03, y=16, capacity=02)
sensor(x=53, y=82, capacity=02)
sensor(x=03, y=99, capacity=02)
sensor(x=33, y=36, capacity=05)
sensor(x=95, y=80, capacity=02)
sensor(x=92, y=66, capacity=02)
sensor(x=38, y=29, capacity=01)
sensor(x=08, y=77, capacity=05)
sensor(x=08, y=19, capacity=02)
sensor(x=84, y=57, capacity=02)
sensor(x=37, y=07, capacity=01)
sensor(x=56, y=24, capacity=05)
sensor(x=87, y=87, capacity=05)
sensor(x=74, y=09, capacity=02)
sensor(x=47, y=56, capacity=01)
sensor(x=96, y=90, capacity=01)
sensor(x=64, y=06, capacity=05)
sensor(x=86, y=02, capacity=02)
sensor(x=58, y=06, capacity=02)
sensor(x=60, y=22, capacity=05)
sensor(x=76, y=72, capacity=02)
center(x=28, y=33)
center(x=33, y=20)
center(x=10, y=93)
center(x=29, y=49)
Edge: distance: 80.61 transmition: 5 cost: 32490		 sensor(x=67, y=36, capacity=05) -> center(x=10, y=93)
Edge: distance: 13.34 transmition: 3 cost: 534		 sensor(x=23, y=96, capacity=01) -> center(x=10, y=93)
Edge: distance: 26.25 transmition: 1 cost: 689		 sensor(x=54, y=41, capacity=01) -> center(x=29, y=49)
Edge: distance: 3.16 transmition: 2 cost: 20		 sensor(x=13, y=92, capacity=02) -> center(x=10, y=93)
Edge: distance: 61.47 transmition: 5 cost: 18890		 sensor(x=86, y=72, capacity=05) -> center(x=29, y=49)
Edge: distance: 9.06 transmition: 1 cost: 82		 sensor(x=72, y=83, capacity=01) -> sensor(x=81, y=82, capacity=02)
Edge: distance: 41.01 transmition: 3 cost: 5046		 sensor(x=70, y=48, capacity=01) -> center(x=29, y=49)
Edge: distance: 10.44 transmition: 1 cost: 109		 sensor(x=51, y=33, capacity=01) -> sensor(x=41, y=36, capacity=01)
Edge: distance: 6.71 transmition: 2 cost: 90		 sensor(x=40, y=01, capacity=02) -> sensor(x=37, y=07, capacity=01)
Edge: distance: 10.82 transmition: 2 cost: 234		 sensor(x=81, y=96, capacity=02) -> sensor(x=87, y=87, capacity=05)
Edge: distance: 7.00 transmition: 6 cost: 294		 sensor(x=10, y=36, capacity=02) -> sensor(x=17, y=36, capacity=02)
Edge: distance: 69.12 transmition: 5 cost: 23885		 sensor(x=88, y=85, capacity=02) -> center(x=29, y=49)
Edge: distance: 2.00 transmition: 3 cost: 12		 sensor(x=13, y=13, capacity=01) -> sensor(x=15, y=13, capacity=05)
Edge: distance: 39.05 transmition: 1 cost: 1525		 sensor(x=68, y=51, capacity=01) -> center(x=29, y=49)
Edge: distance: 48.75 transmition: 5 cost: 11885		 sensor(x=73, y=70, capacity=05) -> center(x=29, y=49)
Edge: distance: 6.32 transmition: 1 cost: 40		 sensor(x=98, y=64, capacity=01) -> sensor(x=92, y=66, capacity=02)
Edge: distance: 6.40 transmition: 1 cost: 41		 sensor(x=97, y=62, capacity=01) -> sensor(x=92, y=66, capacity=02)
Edge: distance: 7.62 transmition: 2 cost: 116		 sensor(x=28, y=76, capacity=02) -> sensor(x=31, y=69, capacity=01)
Edge: distance: 2.83 transmition: 5 cost: 40		 sensor(x=11, y=11, capacity=05) -> sensor(x=13, y=13, capacity=01)
Edge: distance: 45.00 transmition: 5 cost: 10125		 sensor(x=65, y=76, capacity=05) -> center(x=29, y=49)
Edge: distance: 6.32 transmition: 1 cost: 40		 sensor(x=60, y=12, capacity=01) -> sensor(x=58, y=06, capacity=02)
Edge: distance: 30.68 transmition: 8 cost: 7528		 sensor(x=58, y=59, capacity=05) -> center(x=29, y=49)
Edge: distance: 6.40 transmition: 3 cost: 123		 sensor(x=41, y=36, capacity=01) -> sensor(x=45, y=31, capacity=02)
Edge: distance: 25.81 transmition: 5 cost: 3330		 sensor(x=08, y=64, capacity=05) -> center(x=29, y=49)
Edge: distance: 10.05 transmition: 5 cost: 505		 sensor(x=31, y=58, capacity=05) -> sensor(x=41, y=57, capacity=02)
Edge: distance: 15.65 transmition: 3 cost: 735		 sensor(x=03, y=79, capacity=01) -> center(x=10, y=93)
Edge: distance: 5.00 transmition: 5 cost: 125		 sensor(x=77, y=13, capacity=05) -> sensor(x=74, y=09, capacity=02)
Edge: distance: 36.06 transmition: 5 cost: 6500		 sensor(x=08, y=63, capacity=05) -> center(x=28, y=33)
Edge: distance: 17.26 transmition: 5 cost: 1490		 sensor(x=06, y=99, capacity=05) -> sensor(x=23, y=96, capacity=01)
Edge: distance: 7.28 transmition: 1 cost: 53		 sensor(x=13, y=06, capacity=01) -> sensor(x=15, y=13, capacity=05)
Edge: distance: 65.80 transmition: 1 cost: 4330		 sensor(x=96, y=39, capacity=01) -> center(x=33, y=20)
Edge: distance: 80.16 transmition: 12 cost: 77100		 sensor(x=15, y=13, capacity=05) -> center(x=10, y=93)
Edge: distance: 62.77 transmition: 1 cost: 3940		 sensor(x=86, y=57, capacity=01) -> center(x=28, y=33)
Edge: distance: 12.65 transmition: 5 cost: 800		 sensor(x=49, y=94, capacity=05) -> sensor(x=53, y=82, capacity=02)
Edge: distance: 3.16 transmition: 6 cost: 60		 sensor(x=41, y=57, capacity=02) -> sensor(x=40, y=60, capacity=02)
Edge: distance: 42.64 transmition: 1 cost: 1818		 sensor(x=56, y=82, capacity=01) -> center(x=29, y=49)
Edge: distance: 32.65 transmition: 10 cost: 10660		 sensor(x=62, y=05, capacity=05) -> center(x=33, y=20)
Edge: distance: 21.10 transmition: 2 cost: 890		 sensor(x=08, y=51, capacity=02) -> center(x=29, y=49)
Edge: distance: 20.62 transmition: 1 cost: 425		 sensor(x=20, y=04, capacity=01) -> center(x=33, y=20)
Edge: distance: 48.38 transmition: 5 cost: 11705		 sensor(x=56, y=78, capacity=05) -> center(x=10, y=93)
Edge: distance: 74.67 transmition: 2 cost: 11152		 sensor(x=23, y=94, capacity=02) -> center(x=33, y=20)
Edge: distance: 5.10 transmition: 2 cost: 52		 sensor(x=02, y=74, capacity=02) -> sensor(x=03, y=79, capacity=01)
Edge: distance: 6.40 transmition: 3 cost: 123		 sensor(x=06, y=41, capacity=02) -> sensor(x=10, y=36, capacity=02)
Edge: distance: 8.94 transmition: 2 cost: 160		 sensor(x=76, y=33, capacity=02) -> sensor(x=68, y=37, capacity=05)
Edge: distance: 8.06 transmition: 6 cost: 390		 sensor(x=40, y=60, capacity=02) -> sensor(x=47, y=56, capacity=01)
Edge: distance: 26.08 transmition: 5 cost: 3400		 sensor(x=26, y=59, capacity=05) -> center(x=28, y=33)
Edge: distance: 2.24 transmition: 2 cost: 10		 sensor(x=18, y=78, capacity=02) -> sensor(x=20, y=79, capacity=02)
Edge: distance: 20.40 transmition: 2 cost: 832		 sensor(x=49, y=53, capacity=02) -> center(x=29, y=49)
Edge: distance: 4.24 transmition: 2 cost: 36		 sensor(x=12, y=77, capacity=02) -> sensor(x=15, y=80, capacity=02)
Edge: distance: 23.19 transmition: 1 cost: 538		 sensor(x=07, y=70, capacity=01) -> center(x=10, y=93)
Edge: distance: 6.71 transmition: 2 cost: 90		 sensor(x=64, y=62, capacity=02) -> sensor(x=58, y=59, capacity=05)
Edge: distance: 75.21 transmition: 2 cost: 11314		 sensor(x=90, y=93, capacity=02) -> center(x=29, y=49)
Edge: distance: 2.00 transmition: 2 cost: 8		 sensor(x=63, y=44, capacity=02) -> sensor(x=63, y=46, capacity=05)
Edge: distance: 112.41 transmition: 6 cost: 75822		 sensor(x=76, y=02, capacity=02) -> center(x=10, y=93)
Edge: distance: 17.20 transmition: 4 cost: 1184		 sensor(x=20, y=79, capacity=02) -> center(x=10, y=93)
Edge: distance: 7.62 transmition: 3 cost: 174		 sensor(x=81, y=82, capacity=02) -> sensor(x=88, y=85, capacity=02)
Edge: distance: 44.65 transmition: 2 cost: 3988		 sensor(x=08, y=57, capacity=02) -> center(x=33, y=20)
Edge: distance: 10.44 transmition: 2 cost: 218		 sensor(x=13, y=26, capacity=02) -> sensor(x=10, y=36, capacity=02)
Edge: distance: 62.97 transmition: 2 cost: 7930		 sensor(x=06, y=92, capacity=02) -> center(x=28, y=33)
Edge: distance: 7.07 transmition: 6 cost: 300		 sensor(x=29, y=26, capacity=02) -> center(x=28, y=33)
Edge: distance: 36.12 transmition: 3 cost: 3915		 sensor(x=31, y=69, capacity=01) -> center(x=28, y=33)
Edge: distance: 48.10 transmition: 1 cost: 2314		 sensor(x=61, y=68, capacity=01) -> center(x=28, y=33)
Edge: distance: 24.76 transmition: 2 cost: 1226		 sensor(x=10, y=16, capacity=02) -> center(x=28, y=33)
Edge: distance: 11.18 transmition: 7 cost: 875		 sensor(x=68, y=37, capacity=05) -> sensor(x=70, y=48, capacity=01)
Edge: distance: 58.00 transmition: 1 cost: 3364		 sensor(x=87, y=49, capacity=01) -> center(x=29, y=49)
Edge: distance: 6.71 transmition: 1 cost: 45		 sensor(x=03, y=35, capacity=01) -> sensor(x=06, y=41, capacity=02)
Edge: distance: 49.58 transmition: 12 cost: 29496		 sensor(x=62, y=86, capacity=05) -> center(x=29, y=49)
Edge: distance: 5.66 transmition: 1 cost: 32		 sensor(x=54, y=63, capacity=01) -> sensor(x=58, y=59, capacity=05)
Edge: distance: 16.28 transmition: 6 cost: 1590		 sensor(x=45, y=31, capacity=02) -> center(x=33, y=20)
Edge: distance: 22.47 transmition: 5 cost: 2525		 sensor(x=21, y=70, capacity=05) -> center(x=29, y=49)
Edge: distance: 7.28 transmition: 5 cost: 265		 sensor(x=53, y=20, capacity=05) -> sensor(x=60, y=22, capacity=05)
Edge: distance: 26.00 transmition: 5 cost: 3380		 sensor(x=02, y=33, capacity=05) -> center(x=28, y=33)
Edge: distance: 57.43 transmition: 6 cost: 19788		 sensor(x=17, y=36, capacity=02) -> center(x=10, y=93)
Edge: distance: 25.08 transmition: 1 cost: 629		 sensor(x=04, y=51, capacity=01) -> center(x=29, y=49)
Edge: distance: 48.70 transmition: 2 cost: 4744		 sensor(x=12, y=79, capacity=02) -> center(x=28, y=33)
Edge: distance: 13.93 transmition: 4 cost: 776		 sensor(x=15, y=80, capacity=02) -> center(x=10, y=93)
Edge: distance: 34.13 transmition: 7 cost: 8155		 sensor(x=63, y=46, capacity=05) -> center(x=29, y=49)
Edge: distance: 30.41 transmition: 5 cost: 4625		 sensor(x=02, y=63, capacity=05) -> center(x=29, y=49)
Edge: distance: 8.25 transmition: 3 cost: 204		 sensor(x=27, y=18, capacity=01) -> sensor(x=29, y=26, capacity=02)
Edge: distance: 5.83 transmition: 2 cost: 68		 sensor(x=03, y=16, capacity=02) -> sensor(x=08, y=19, capacity=02)
Edge: distance: 9.85 transmition: 6 cost: 582		 sensor(x=53, y=82, capacity=02) -> sensor(x=62, y=86, capacity=05)
Edge: distance: 9.22 transmition: 2 cost: 170		 sensor(x=03, y=99, capacity=02) -> center(x=10, y=93)
Edge: distance: 8.00 transmition: 5 cost: 320		 sensor(x=33, y=36, capacity=05) -> sensor(x=41, y=36, capacity=01)
Edge: distance: 10.63 transmition: 2 cost: 226		 sensor(x=95, y=80, capacity=02) -> sensor(x=87, y=87, capacity=05)
Edge: distance: 65.25 transmition: 4 cost: 17032		 sensor(x=92, y=66, capacity=02) -> center(x=29, y=49)
Edge: distance: 7.28 transmition: 1 cost: 53		 sensor(x=38, y=29, capacity=01) -> sensor(x=45, y=31, capacity=02)
Edge: distance: 62.24 transmition: 5 cost: 19370		 sensor(x=08, y=77, capacity=05) -> center(x=33, y=20)
Edge: distance: 74.03 transmition: 4 cost: 21920		 sensor(x=08, y=19, capacity=02) -> center(x=10, y=93)
Edge: distance: 63.01 transmition: 2 cost: 7940		 sensor(x=84, y=57, capacity=02) -> center(x=33, y=20)
Edge: distance: 14.87 transmition: 3 cost: 663		 sensor(x=37, y=07, capacity=01) -> sensor(x=27, y=18, capacity=01)
Edge: distance: 29.41 transmition: 15 cost: 12975		 sensor(x=56, y=24, capacity=05) -> center(x=28, y=33)
Edge: distance: 9.49 transmition: 9 cost: 810		 sensor(x=87, y=87, capacity=05) -> sensor(x=96, y=90, capacity=01)
Edge: distance: 7.28 transmition: 6 cost: 318		 sensor(x=74, y=09, capacity=02) -> sensor(x=76, y=02, capacity=02)
Edge: distance: 38.63 transmition: 3 cost: 4476		 sensor(x=47, y=56, capacity=01) -> center(x=33, y=20)
Edge: distance: 78.55 transmition: 3 cost: 18510		 sensor(x=96, y=90, capacity=01) -> center(x=29, y=49)
Edge: distance: 2.24 transmition: 5 cost: 25		 sensor(x=64, y=06, capacity=05) -> sensor(x=62, y=05, capacity=05)
Edge: distance: 55.97 transmition: 2 cost: 6266		 sensor(x=86, y=02, capacity=02) -> center(x=33, y=20)
Edge: distance: 28.65 transmition: 3 cost: 2463		 sensor(x=58, y=06, capacity=02) -> center(x=33, y=20)
Edge: distance: 4.47 transmition: 10 cost: 200		 sensor(x=60, y=22, capacity=05) -> sensor(x=56, y=24, capacity=05)
Edge: distance: 69.26 transmition: 2 cost: 9594		 sensor(x=76, y=72, capacity=02) -> center(x=10, y=93)
Cost: 567954
Volumne: 226 Mbits
Best Score (To minimize): 0.0231835909844102

BUILD SUCCESSFUL in 2s
2 actionable tasks: 1 executed, 1 up-to-date
Configuration cache entry reused.
