Reusing configuration cache.
> Task :app:processResources NO-SOURCE

> Task :app:compileJava

> Task :app:classes

> Task :app:run
sensor(x=36, y=01, capacity=05)
sensor(x=96, y=18, capacity=01)
sensor(x=41, y=73, capacity=01)
sensor(x=92, y=39, capacity=05)
sensor(x=72, y=30, capacity=02)
sensor(x=83, y=66, capacity=02)
sensor(x=48, y=85, capacity=02)
sensor(x=33, y=17, capacity=05)
sensor(x=01, y=07, capacity=01)
sensor(x=96, y=29, capacity=02)
sensor(x=36, y=34, capacity=05)
sensor(x=85, y=03, capacity=05)
sensor(x=13, y=50, capacity=01)
sensor(x=51, y=05, capacity=01)
sensor(x=70, y=58, capacity=01)
sensor(x=64, y=21, capacity=05)
sensor(x=62, y=31, capacity=01)
sensor(x=76, y=36, capacity=05)
sensor(x=11, y=07, capacity=05)
sensor(x=76, y=24, capacity=02)
sensor(x=12, y=77, capacity=01)
sensor(x=59, y=57, capacity=05)
sensor(x=36, y=84, capacity=02)
sensor(x=64, y=68, capacity=02)
sensor(x=58, y=87, capacity=02)
sensor(x=79, y=65, capacity=02)
sensor(x=13, y=18, capacity=01)
sensor(x=63, y=43, capacity=02)
sensor(x=99, y=26, capacity=05)
sensor(x=06, y=48, capacity=01)
sensor(x=39, y=91, capacity=02)
sensor(x=13, y=37, capacity=01)
sensor(x=57, y=09, capacity=02)
sensor(x=94, y=39, capacity=02)
sensor(x=57, y=39, capacity=01)
sensor(x=82, y=25, capacity=02)
sensor(x=05, y=93, capacity=01)
sensor(x=51, y=80, capacity=02)
sensor(x=04, y=98, capacity=05)
sensor(x=78, y=79, capacity=01)
sensor(x=94, y=48, capacity=02)
sensor(x=74, y=66, capacity=01)
sensor(x=36, y=06, capacity=05)
sensor(x=22, y=76, capacity=01)
sensor(x=39, y=40, capacity=02)
sensor(x=45, y=26, capacity=01)
sensor(x=18, y=18, capacity=01)
sensor(x=62, y=49, capacity=01)
sensor(x=89, y=12, capacity=05)
sensor(x=49, y=07, capacity=01)
sensor(x=09, y=64, capacity=01)
sensor(x=14, y=90, capacity=02)
sensor(x=91, y=63, capacity=02)
sensor(x=49, y=76, capacity=01)
sensor(x=76, y=20, capacity=01)
sensor(x=26, y=81, capacity=01)
sensor(x=01, y=08, capacity=05)
sensor(x=00, y=13, capacity=01)
sensor(x=32, y=06, capacity=02)
sensor(x=74, y=29, capacity=05)
sensor(x=40, y=31, capacity=01)
sensor(x=34, y=61, capacity=02)
sensor(x=21, y=10, capacity=02)
sensor(x=96, y=68, capacity=05)
sensor(x=52, y=87, capacity=02)
sensor(x=40, y=03, capacity=02)
sensor(x=07, y=62, capacity=02)
sensor(x=75, y=54, capacity=05)
sensor(x=37, y=45, capacity=05)
sensor(x=55, y=21, capacity=05)
sensor(x=88, y=53, capacity=01)
sensor(x=97, y=02, capacity=02)
sensor(x=99, y=17, capacity=05)
sensor(x=91, y=04, capacity=02)
sensor(x=49, y=12, capacity=02)
sensor(x=48, y=15, capacity=05)
sensor(x=12, y=63, capacity=02)
sensor(x=22, y=02, capacity=05)
sensor(x=85, y=27, capacity=01)
sensor(x=40, y=03, capacity=01)
sensor(x=00, y=53, capacity=05)
sensor(x=39, y=03, capacity=02)
sensor(x=90, y=33, capacity=01)
sensor(x=81, y=95, capacity=01)
sensor(x=15, y=92, capacity=02)
sensor(x=40, y=38, capacity=01)
sensor(x=42, y=08, capacity=01)
sensor(x=25, y=08, capacity=01)
sensor(x=96, y=84, capacity=01)
sensor(x=97, y=37, capacity=05)
sensor(x=06, y=56, capacity=02)
sensor(x=21, y=87, capacity=01)
sensor(x=71, y=74, capacity=02)
sensor(x=66, y=47, capacity=05)
sensor(x=15, y=96, capacity=02)
sensor(x=66, y=64, capacity=01)
sensor(x=89, y=86, capacity=05)
sensor(x=09, y=58, capacity=02)
sensor(x=14, y=60, capacity=02)
sensor(x=42, y=76, capacity=02)
center(x=28, y=33)
center(x=33, y=20)
center(x=10, y=93)
center(x=29, y=49)
Edge: distance: 19.24 transmition: 5 cost: 1850		 sensor(x=36, y=01, capacity=05) -> center(x=33, y=20)
Edge: distance: 63.03 transmition: 1 cost: 3973		 sensor(x=96, y=18, capacity=01) -> center(x=33, y=20)
Edge: distance: 26.83 transmition: 1 cost: 720		 sensor(x=41, y=73, capacity=01) -> center(x=29, y=49)
Edge: distance: 61.98 transmition: 5 cost: 19210		 sensor(x=92, y=39, capacity=05) -> center(x=33, y=20)
Edge: distance: 40.26 transmition: 2 cost: 3242		 sensor(x=72, y=30, capacity=02) -> center(x=33, y=20)
Edge: distance: 56.61 transmition: 2 cost: 6410		 sensor(x=83, y=66, capacity=02) -> center(x=29, y=49)
Edge: distance: 38.83 transmition: 2 cost: 3016		 sensor(x=48, y=85, capacity=02) -> center(x=10, y=93)
Edge: distance: 3.00 transmition: 5 cost: 45		 sensor(x=33, y=17, capacity=05) -> center(x=33, y=20)
Edge: distance: 34.54 transmition: 1 cost: 1193		 sensor(x=01, y=07, capacity=01) -> center(x=33, y=20)
Edge: distance: 63.64 transmition: 2 cost: 8100		 sensor(x=96, y=29, capacity=02) -> center(x=33, y=20)
Edge: distance: 8.06 transmition: 5 cost: 325		 sensor(x=36, y=34, capacity=05) -> center(x=28, y=33)
Edge: distance: 54.71 transmition: 5 cost: 14965		 sensor(x=85, y=03, capacity=05) -> center(x=33, y=20)
Edge: distance: 16.03 transmition: 1 cost: 257		 sensor(x=13, y=50, capacity=01) -> center(x=29, y=49)
Edge: distance: 23.43 transmition: 1 cost: 549		 sensor(x=51, y=05, capacity=01) -> center(x=33, y=20)
Edge: distance: 41.98 transmition: 1 cost: 1762		 sensor(x=70, y=58, capacity=01) -> center(x=29, y=49)
Edge: distance: 31.02 transmition: 5 cost: 4810		 sensor(x=64, y=21, capacity=05) -> center(x=33, y=20)
Edge: distance: 31.02 transmition: 1 cost: 962		 sensor(x=62, y=31, capacity=01) -> center(x=33, y=20)
Edge: distance: 45.88 transmition: 5 cost: 10525		 sensor(x=76, y=36, capacity=05) -> center(x=33, y=20)
Edge: distance: 25.55 transmition: 5 cost: 3265		 sensor(x=11, y=07, capacity=05) -> center(x=33, y=20)
Edge: distance: 43.19 transmition: 2 cost: 3730		 sensor(x=76, y=24, capacity=02) -> center(x=33, y=20)
Edge: distance: 16.12 transmition: 1 cost: 260		 sensor(x=12, y=77, capacity=01) -> center(x=10, y=93)
Edge: distance: 31.05 transmition: 5 cost: 4820		 sensor(x=59, y=57, capacity=05) -> center(x=29, y=49)
Edge: distance: 27.51 transmition: 2 cost: 1514		 sensor(x=36, y=84, capacity=02) -> center(x=10, y=93)
Edge: distance: 39.82 transmition: 2 cost: 3172		 sensor(x=64, y=68, capacity=02) -> center(x=29, y=49)
Edge: distance: 47.80 transmition: 2 cost: 4570		 sensor(x=58, y=87, capacity=02) -> center(x=29, y=49)
Edge: distance: 52.50 transmition: 2 cost: 5512		 sensor(x=79, y=65, capacity=02) -> center(x=29, y=49)
Edge: distance: 20.10 transmition: 1 cost: 404		 sensor(x=13, y=18, capacity=01) -> center(x=33, y=20)
Edge: distance: 34.53 transmition: 2 cost: 2384		 sensor(x=63, y=43, capacity=02) -> center(x=29, y=49)
Edge: distance: 66.27 transmition: 5 cost: 21960		 sensor(x=99, y=26, capacity=05) -> center(x=33, y=20)
Edge: distance: 23.02 transmition: 1 cost: 530		 sensor(x=06, y=48, capacity=01) -> center(x=29, y=49)
Edge: distance: 29.07 transmition: 2 cost: 1690		 sensor(x=39, y=91, capacity=02) -> center(x=10, y=93)
Edge: distance: 15.52 transmition: 1 cost: 241		 sensor(x=13, y=37, capacity=01) -> center(x=28, y=33)
Edge: distance: 26.40 transmition: 2 cost: 1394		 sensor(x=57, y=09, capacity=02) -> center(x=33, y=20)
Edge: distance: 63.89 transmition: 2 cost: 8164		 sensor(x=94, y=39, capacity=02) -> center(x=33, y=20)
Edge: distance: 29.61 transmition: 1 cost: 877		 sensor(x=57, y=39, capacity=01) -> center(x=28, y=33)
Edge: distance: 49.25 transmition: 2 cost: 4852		 sensor(x=82, y=25, capacity=02) -> center(x=33, y=20)
Edge: distance: 5.00 transmition: 1 cost: 25		 sensor(x=05, y=93, capacity=01) -> center(x=10, y=93)
Edge: distance: 38.01 transmition: 2 cost: 2890		 sensor(x=51, y=80, capacity=02) -> center(x=29, y=49)
Edge: distance: 7.81 transmition: 5 cost: 305		 sensor(x=04, y=98, capacity=05) -> center(x=10, y=93)
Edge: distance: 57.45 transmition: 1 cost: 3301		 sensor(x=78, y=79, capacity=01) -> center(x=29, y=49)
Edge: distance: 65.01 transmition: 2 cost: 8452		 sensor(x=94, y=48, capacity=02) -> center(x=29, y=49)
Edge: distance: 48.10 transmition: 1 cost: 2314		 sensor(x=74, y=66, capacity=01) -> center(x=29, y=49)
Edge: distance: 14.32 transmition: 5 cost: 1025		 sensor(x=36, y=06, capacity=05) -> center(x=33, y=20)
Edge: distance: 20.81 transmition: 1 cost: 433		 sensor(x=22, y=76, capacity=01) -> center(x=10, y=93)
Edge: distance: 13.04 transmition: 2 cost: 340		 sensor(x=39, y=40, capacity=02) -> center(x=28, y=33)
Edge: distance: 13.42 transmition: 1 cost: 180		 sensor(x=45, y=26, capacity=01) -> center(x=33, y=20)
Edge: distance: 15.13 transmition: 1 cost: 229		 sensor(x=18, y=18, capacity=01) -> center(x=33, y=20)
Edge: distance: 33.00 transmition: 1 cost: 1089		 sensor(x=62, y=49, capacity=01) -> center(x=29, y=49)
Edge: distance: 56.57 transmition: 5 cost: 16000		 sensor(x=89, y=12, capacity=05) -> center(x=33, y=20)
Edge: distance: 20.62 transmition: 1 cost: 425		 sensor(x=49, y=07, capacity=01) -> center(x=33, y=20)
Edge: distance: 25.00 transmition: 1 cost: 625		 sensor(x=09, y=64, capacity=01) -> center(x=29, y=49)
Edge: distance: 5.00 transmition: 2 cost: 50		 sensor(x=14, y=90, capacity=02) -> center(x=10, y=93)
Edge: distance: 63.56 transmition: 2 cost: 8080		 sensor(x=91, y=63, capacity=02) -> center(x=29, y=49)
Edge: distance: 33.60 transmition: 1 cost: 1129		 sensor(x=49, y=76, capacity=01) -> center(x=29, y=49)
Edge: distance: 43.00 transmition: 1 cost: 1849		 sensor(x=76, y=20, capacity=01) -> center(x=33, y=20)
Edge: distance: 20.00 transmition: 1 cost: 400		 sensor(x=26, y=81, capacity=01) -> center(x=10, y=93)
Edge: distance: 34.18 transmition: 5 cost: 5840		 sensor(x=01, y=08, capacity=05) -> center(x=33, y=20)
Edge: distance: 33.73 transmition: 1 cost: 1138		 sensor(x=00, y=13, capacity=01) -> center(x=33, y=20)
Edge: distance: 14.04 transmition: 2 cost: 394		 sensor(x=32, y=06, capacity=02) -> center(x=33, y=20)
Edge: distance: 41.98 transmition: 5 cost: 8810		 sensor(x=74, y=29, capacity=05) -> center(x=33, y=20)
Edge: distance: 12.17 transmition: 1 cost: 148		 sensor(x=40, y=31, capacity=01) -> center(x=28, y=33)
Edge: distance: 13.00 transmition: 2 cost: 338		 sensor(x=34, y=61, capacity=02) -> center(x=29, y=49)
Edge: distance: 15.62 transmition: 2 cost: 488		 sensor(x=21, y=10, capacity=02) -> center(x=33, y=20)
Edge: distance: 69.64 transmition: 5 cost: 24250		 sensor(x=96, y=68, capacity=05) -> center(x=29, y=49)
Edge: distance: 42.43 transmition: 2 cost: 3600		 sensor(x=52, y=87, capacity=02) -> center(x=10, y=93)
Edge: distance: 18.38 transmition: 2 cost: 676		 sensor(x=40, y=03, capacity=02) -> center(x=33, y=20)
Edge: distance: 25.55 transmition: 2 cost: 1306		 sensor(x=07, y=62, capacity=02) -> center(x=29, y=49)
Edge: distance: 46.27 transmition: 5 cost: 10705		 sensor(x=75, y=54, capacity=05) -> center(x=29, y=49)
Edge: distance: 8.94 transmition: 5 cost: 400		 sensor(x=37, y=45, capacity=05) -> center(x=29, y=49)
Edge: distance: 22.02 transmition: 5 cost: 2425		 sensor(x=55, y=21, capacity=05) -> center(x=33, y=20)
Edge: distance: 59.14 transmition: 1 cost: 3497		 sensor(x=88, y=53, capacity=01) -> center(x=29, y=49)
Edge: distance: 66.48 transmition: 2 cost: 8840		 sensor(x=97, y=02, capacity=02) -> center(x=33, y=20)
Edge: distance: 66.07 transmition: 5 cost: 21825		 sensor(x=99, y=17, capacity=05) -> center(x=33, y=20)
Edge: distance: 60.17 transmition: 2 cost: 7240		 sensor(x=91, y=04, capacity=02) -> center(x=33, y=20)
Edge: distance: 17.89 transmition: 2 cost: 640		 sensor(x=49, y=12, capacity=02) -> center(x=33, y=20)
Edge: distance: 15.81 transmition: 5 cost: 1250		 sensor(x=48, y=15, capacity=05) -> center(x=33, y=20)
Edge: distance: 22.02 transmition: 2 cost: 970		 sensor(x=12, y=63, capacity=02) -> center(x=29, y=49)
Edge: distance: 21.10 transmition: 5 cost: 2225		 sensor(x=22, y=02, capacity=05) -> center(x=33, y=20)
Edge: distance: 52.47 transmition: 1 cost: 2753		 sensor(x=85, y=27, capacity=01) -> center(x=33, y=20)
Edge: distance: 18.38 transmition: 1 cost: 338		 sensor(x=40, y=03, capacity=01) -> center(x=33, y=20)
Edge: distance: 29.27 transmition: 5 cost: 4285		 sensor(x=00, y=53, capacity=05) -> center(x=29, y=49)
Edge: distance: 18.03 transmition: 2 cost: 650		 sensor(x=39, y=03, capacity=02) -> center(x=33, y=20)
Edge: distance: 58.46 transmition: 1 cost: 3418		 sensor(x=90, y=33, capacity=01) -> center(x=33, y=20)
Edge: distance: 69.43 transmition: 1 cost: 4820		 sensor(x=81, y=95, capacity=01) -> center(x=29, y=49)
Edge: distance: 5.10 transmition: 2 cost: 52		 sensor(x=15, y=92, capacity=02) -> center(x=10, y=93)
Edge: distance: 13.00 transmition: 1 cost: 169		 sensor(x=40, y=38, capacity=01) -> center(x=28, y=33)
Edge: distance: 15.00 transmition: 1 cost: 225		 sensor(x=42, y=08, capacity=01) -> center(x=33, y=20)
Edge: distance: 14.42 transmition: 1 cost: 208		 sensor(x=25, y=08, capacity=01) -> center(x=33, y=20)
Edge: distance: 75.59 transmition: 1 cost: 5714		 sensor(x=96, y=84, capacity=01) -> center(x=29, y=49)
Edge: distance: 66.22 transmition: 5 cost: 21925		 sensor(x=97, y=37, capacity=05) -> center(x=33, y=20)
Edge: distance: 24.04 transmition: 2 cost: 1156		 sensor(x=06, y=56, capacity=02) -> center(x=29, y=49)
Edge: distance: 12.53 transmition: 1 cost: 157		 sensor(x=21, y=87, capacity=01) -> center(x=10, y=93)
Edge: distance: 48.88 transmition: 2 cost: 4778		 sensor(x=71, y=74, capacity=02) -> center(x=29, y=49)
Edge: distance: 37.05 transmition: 5 cost: 6865		 sensor(x=66, y=47, capacity=05) -> center(x=29, y=49)
Edge: distance: 5.83 transmition: 2 cost: 68		 sensor(x=15, y=96, capacity=02) -> center(x=10, y=93)
Edge: distance: 39.92 transmition: 1 cost: 1594		 sensor(x=66, y=64, capacity=01) -> center(x=29, y=49)
Edge: distance: 70.49 transmition: 5 cost: 24845		 sensor(x=89, y=86, capacity=05) -> center(x=29, y=49)
Edge: distance: 21.93 transmition: 2 cost: 962		 sensor(x=09, y=58, capacity=02) -> center(x=29, y=49)
Edge: distance: 18.60 transmition: 2 cost: 692		 sensor(x=14, y=60, capacity=02) -> center(x=29, y=49)
Edge: distance: 29.97 transmition: 2 cost: 1796		 sensor(x=42, y=76, capacity=02) -> center(x=29, y=49)
Cost: 394869.0
Lineal Cost: 394869
Volumne: 241 Mbits
Trying HC with 2 iterations
iteration 1: 38 ms
iteration 0: 0 ms

[Incubating] Problems report is available at: file:///mnt/c/Users/XF/Documents/UPC/3%20Grau/Quatrimestre%202/IA/NetSensors/build/reports/problems/problems-report.html

BUILD SUCCESSFUL in 2s
2 actionable tasks: 2 executed
Configuration cache entry reused.
