3458 ms
2232 ms
3192 ms
3140 ms
3751 ms
2974 ms
3409 ms
2813 ms
3599 ms
3158 ms
1532 ms
3816 ms
3184 ms
2890 ms
sensor(x=67, y=36, capacity=01)
sensor(x=01, y=23, capacity=02)
sensor(x=96, y=18, capacity=05)
sensor(x=54, y=41, capacity=01)
sensor(x=73, y=13, capacity=02)
sensor(x=92, y=39, capacity=05)
sensor(x=86, y=72, capacity=01)
sensor(x=30, y=72, capacity=02)
sensor(x=83, y=66, capacity=05)
sensor(x=70, y=48, capacity=01)
sensor(x=85, y=51, capacity=02)
sensor(x=33, y=17, capacity=05)
sensor(x=40, y=01, capacity=01)
sensor(x=07, y=81, capacity=02)
sensor(x=96, y=29, capacity=05)
sensor(x=10, y=36, capacity=01)
sensor(x=34, y=88, capacity=02)
sensor(x=85, y=03, capacity=05)
sensor(x=13, y=13, capacity=01)
sensor(x=50, y=68, capacity=02)
sensor(x=51, y=05, capacity=05)
sensor(x=73, y=70, capacity=01)
sensor(x=58, y=98, capacity=02)
sensor(x=64, y=21, capacity=05)
sensor(x=97, y=62, capacity=01)
sensor(x=31, y=28, capacity=02)
sensor(x=76, y=36, capacity=05)
sensor(x=11, y=11, capacity=01)
sensor(x=07, y=65, capacity=02)
sensor(x=76, y=24, capacity=05)
sensor(x=60, y=12, capacity=01)
sensor(x=77, y=58, capacity=02)
sensor(x=59, y=57, capacity=05)
sensor(x=41, y=36, capacity=01)
sensor(x=84, y=08, capacity=02)
sensor(x=64, y=68, capacity=05)
sensor(x=31, y=58, capacity=01)
sensor(x=87, y=03, capacity=02)
sensor(x=79, y=65, capacity=05)
sensor(x=77, y=13, capacity=01)
sensor(x=18, y=08, capacity=02)
sensor(x=63, y=43, capacity=05)
sensor(x=06, y=99, capacity=01)
sensor(x=26, y=13, capacity=02)
sensor(x=06, y=48, capacity=05)
sensor(x=96, y=39, capacity=01)
sensor(x=91, y=15, capacity=02)
sensor(x=13, y=37, capacity=05)
sensor(x=86, y=57, capacity=01)
sensor(x=09, y=49, capacity=02)
sensor(x=94, y=39, capacity=05)
sensor(x=41, y=57, capacity=01)
sensor(x=39, y=56, capacity=02)
sensor(x=82, y=25, capacity=05)
sensor(x=62, y=05, capacity=01)
sensor(x=93, y=08, capacity=02)
sensor(x=51, y=80, capacity=05)
sensor(x=20, y=04, capacity=01)
sensor(x=98, y=56, capacity=02)
sensor(x=78, y=79, capacity=05)
sensor(x=23, y=94, capacity=01)
sensor(x=48, y=02, capacity=02)
sensor(x=74, y=66, capacity=05)
sensor(x=06, y=41, capacity=01)
sensor(x=22, y=76, capacity=02)
sensor(x=33, y=39, capacity=05)
sensor(x=40, y=60, capacity=01)
sensor(x=45, y=26, capacity=02)
sensor(x=59, y=18, capacity=05)
sensor(x=18, y=78, capacity=01)
sensor(x=62, y=49, capacity=02)
sensor(x=53, y=89, capacity=05)
sensor(x=12, y=77, capacity=01)
sensor(x=49, y=07, capacity=02)
sensor(x=70, y=09, capacity=05)
sensor(x=64, y=62, capacity=01)
sensor(x=14, y=90, capacity=02)
sensor(x=93, y=91, capacity=05)
sensor(x=63, y=44, capacity=01)
sensor(x=49, y=76, capacity=02)
sensor(x=02, y=76, capacity=05)
sensor(x=20, y=79, capacity=01)
sensor(x=26, y=81, capacity=02)
sensor(x=82, y=01, capacity=05)
sensor(x=08, y=57, capacity=01)
sensor(x=00, y=13, capacity=02)
sensor(x=26, y=32, capacity=05)
sensor(x=06, y=92, capacity=01)
sensor(x=74, y=29, capacity=02)
sensor(x=26, y=40, capacity=05)
sensor(x=31, y=69, capacity=01)
sensor(x=34, y=61, capacity=02)
sensor(x=68, y=21, capacity=05)
sensor(x=10, y=16, capacity=01)
sensor(x=96, y=68, capacity=02)
sensor(x=37, y=52, capacity=05)
sensor(x=87, y=49, capacity=01)
sensor(x=40, y=03, capacity=02)
sensor(x=35, y=07, capacity=05)
sensor(x=62, y=86, capacity=01)
center(x=28, y=33)
center(x=33, y=20)
center(x=10, y=93)
center(x=29, y=49)
Edge: distance: 8.94 transmition: 3 cost: 240            sensor(x=67, y=36, capacity=01) -> sensor(x=63, y=44, capacity=01)
Edge: distance: 11.40 transmition: 2 cost: 260           sensor(x=01, y=23, capacity=02) -> sensor(x=10, y=16, capacity=01)
Edge: distance: 15.65 transmition: 5 cost: 1225          sensor(x=96, y=18, capacity=05) -> sensor(x=82, y=25, capacity=05)
Edge: distance: 21.10 transmition: 3 cost: 1335          sensor(x=54, y=41, capacity=01) -> sensor(x=33, y=39, capacity=05)
Edge: distance: 4.00 transmition: 2 cost: 32             sensor(x=73, y=13, capacity=02) -> sensor(x=77, y=13, capacity=01)
Edge: distance: 29.27 transmition: 10 cost: 8570                 sensor(x=92, y=39, capacity=05) -> sensor(x=63, y=43, capacity=05)
Edge: distance: 13.15 transmition: 3 cost: 519           sensor(x=86, y=72, capacity=01) -> sensor(x=73, y=70, capacity=01)
Edge: distance: 18.36 transmition: 2 cost: 674           sensor(x=30, y=72, capacity=02) -> sensor(x=39, y=56, capacity=02)
Edge: distance: 9.49 transmition: 5 cost: 450            sensor(x=83, y=66, capacity=05) -> sensor(x=86, y=57, capacity=01)
Edge: distance: 30.36 transmition: 1 cost: 922           sensor(x=70, y=48, capacity=01) -> sensor(x=41, y=57, capacity=01)
Edge: distance: 6.08 transmition: 3 cost: 111            sensor(x=85, y=51, capacity=02) -> sensor(x=86, y=57, capacity=01)
Edge: distance: 3.00 transmition: 15 cost: 135           sensor(x=33, y=17, capacity=05) -> center(x=33, y=20)
Edge: distance: 2.00 transmition: 1 cost: 4              sensor(x=40, y=01, capacity=01) -> sensor(x=40, y=03, capacity=02)
Edge: distance: 12.37 transmition: 5 cost: 765           sensor(x=07, y=81, capacity=02) -> center(x=10, y=93)
Edge: distance: 10.00 transmition: 7 cost: 700           sensor(x=96, y=29, capacity=05) -> sensor(x=96, y=39, capacity=01)
Edge: distance: 3.16 transmition: 3 cost: 30             sensor(x=10, y=36, capacity=01) -> sensor(x=13, y=37, capacity=05)
Edge: distance: 10.63 transmition: 4 cost: 452           sensor(x=34, y=88, capacity=02) -> sensor(x=26, y=81, capacity=02)
Edge: distance: 5.10 transmition: 5 cost: 130            sensor(x=85, y=03, capacity=05) -> sensor(x=84, y=08, capacity=02)
Edge: distance: 4.24 transmition: 3 cost: 54             sensor(x=13, y=13, capacity=01) -> sensor(x=10, y=16, capacity=01)
Edge: distance: 12.81 transmition: 2 cost: 328           sensor(x=50, y=68, capacity=02) -> sensor(x=40, y=60, capacity=01)
Edge: distance: 23.43 transmition: 14 cost: 7686                 sensor(x=51, y=05, capacity=05) -> center(x=33, y=20)
Edge: distance: 40.25 transmition: 3 cost: 4860          sensor(x=73, y=70, capacity=01) -> sensor(x=37, y=52, capacity=05)
Edge: distance: 26.00 transmition: 2 cost: 1352          sensor(x=58, y=98, capacity=02) -> sensor(x=34, y=88, capacity=02)
Edge: distance: 31.02 transmition: 15 cost: 14430                sensor(x=64, y=21, capacity=05) -> center(x=33, y=20)
Edge: distance: 6.08 transmition: 1 cost: 37             sensor(x=97, y=62, capacity=01) -> sensor(x=96, y=68, capacity=02)
Edge: distance: 5.83 transmition: 2 cost: 68             sensor(x=31, y=28, capacity=02) -> center(x=28, y=33)
Edge: distance: 9.00 transmition: 5 cost: 405            sensor(x=76, y=36, capacity=05) -> sensor(x=67, y=36, capacity=01)
Edge: distance: 2.83 transmition: 1 cost: 8              sensor(x=11, y=11, capacity=01) -> sensor(x=13, y=13, capacity=01)
Edge: distance: 8.06 transmition: 2 cost: 130            sensor(x=07, y=65, capacity=02) -> sensor(x=08, y=57, capacity=01)
Edge: distance: 16.16 transmition: 5 cost: 1305          sensor(x=76, y=24, capacity=05) -> sensor(x=70, y=09, capacity=05)
Edge: distance: 20.52 transmition: 3 cost: 1263          sensor(x=60, y=12, capacity=01) -> sensor(x=45, y=26, capacity=02)
Edge: distance: 19.80 transmition: 2 cost: 784           sensor(x=77, y=58, capacity=02) -> sensor(x=63, y=44, capacity=01)
Edge: distance: 31.05 transmition: 15 cost: 14460                sensor(x=59, y=57, capacity=05) -> center(x=29, y=49)
Edge: distance: 13.34 transmition: 3 cost: 534           sensor(x=41, y=36, capacity=01) -> center(x=28, y=33)
Edge: distance: 8.60 transmition: 6 cost: 444            sensor(x=84, y=08, capacity=02) -> sensor(x=77, y=13, capacity=01)
Edge: distance: 39.82 transmition: 10 cost: 15860                sensor(x=64, y=68, capacity=05) -> center(x=29, y=49)
Edge: distance: 9.22 transmition: 2 cost: 170            sensor(x=31, y=58, capacity=01) -> center(x=29, y=49)
Edge: distance: 28.46 transmition: 2 cost: 1620          sensor(x=87, y=03, capacity=02) -> sensor(x=60, y=12, capacity=01)
Edge: distance: 15.30 transmition: 5 cost: 1170          sensor(x=79, y=65, capacity=05) -> sensor(x=64, y=68, capacity=05)
Edge: distance: 44.18 transmition: 3 cost: 5856          sensor(x=77, y=13, capacity=01) -> sensor(x=33, y=17, capacity=05)
Edge: distance: 7.07 transmition: 3 cost: 150            sensor(x=18, y=08, capacity=02) -> sensor(x=13, y=13, capacity=01)
Edge: distance: 34.53 transmition: 15 cost: 17880                sensor(x=63, y=43, capacity=05) -> center(x=29, y=49)
Edge: distance: 7.21 transmition: 1 cost: 52             sensor(x=06, y=99, capacity=01) -> center(x=10, y=93)
Edge: distance: 9.90 transmition: 2 cost: 196            sensor(x=26, y=13, capacity=02) -> center(x=33, y=20)
Edge: distance: 7.00 transmition: 8 cost: 392            sensor(x=06, y=48, capacity=05) -> sensor(x=06, y=41, capacity=01)
Edge: distance: 42.54 transmition: 3 cost: 5430          sensor(x=96, y=39, capacity=01) -> sensor(x=59, y=18, capacity=05)
Edge: distance: 23.77 transmition: 2 cost: 1130          sensor(x=91, y=15, capacity=02) -> sensor(x=68, y=21, capacity=05)
Edge: distance: 15.52 transmition: 15 cost: 3615                 sensor(x=13, y=37, capacity=05) -> center(x=28, y=33)
Edge: distance: 22.56 transmition: 3 cost: 1527          sensor(x=86, y=57, capacity=01) -> sensor(x=64, y=62, capacity=01)
Edge: distance: 20.00 transmition: 2 cost: 800           sensor(x=09, y=49, capacity=02) -> center(x=29, y=49)
Edge: distance: 2.00 transmition: 5 cost: 20             sensor(x=94, y=39, capacity=05) -> sensor(x=92, y=39, capacity=05)
Edge: distance: 2.24 transmition: 2 cost: 10             sensor(x=41, y=57, capacity=01) -> sensor(x=39, y=56, capacity=02)
Edge: distance: 12.21 transmition: 6 cost: 894           sensor(x=39, y=56, capacity=02) -> center(x=29, y=49)
Edge: distance: 18.44 transmition: 10 cost: 3400                 sensor(x=82, y=25, capacity=05) -> sensor(x=64, y=21, capacity=05)
Edge: distance: 14.32 transmition: 3 cost: 615           sensor(x=62, y=05, capacity=01) -> sensor(x=48, y=02, capacity=02)
Edge: distance: 21.21 transmition: 2 cost: 900           sensor(x=93, y=08, capacity=02) -> sensor(x=96, y=29, capacity=05)
Edge: distance: 38.01 transmition: 10 cost: 14450                sensor(x=51, y=80, capacity=05) -> center(x=29, y=49)
Edge: distance: 4.47 transmition: 1 cost: 20             sensor(x=20, y=04, capacity=01) -> sensor(x=18, y=08, capacity=02)
Edge: distance: 17.12 transmition: 2 cost: 586           sensor(x=98, y=56, capacity=02) -> sensor(x=96, y=39, capacity=01)
Edge: distance: 10.30 transmition: 5 cost: 530           sensor(x=78, y=79, capacity=05) -> sensor(x=73, y=70, capacity=01)
Edge: distance: 9.85 transmition: 1 cost: 97             sensor(x=23, y=94, capacity=01) -> sensor(x=14, y=90, capacity=02)
Edge: distance: 13.93 transmition: 6 cost: 1164          sensor(x=48, y=02, capacity=02) -> sensor(x=35, y=07, capacity=05)
Edge: distance: 17.49 transmition: 10 cost: 3060                 sensor(x=74, y=66, capacity=05) -> sensor(x=59, y=57, capacity=05)
Edge: distance: 6.40 transmition: 3 cost: 123            sensor(x=06, y=41, capacity=01) -> sensor(x=10, y=36, capacity=01)
Edge: distance: 10.05 transmition: 2 cost: 202           sensor(x=22, y=76, capacity=02) -> sensor(x=12, y=77, capacity=01)
Edge: distance: 7.81 transmition: 15 cost: 915           sensor(x=33, y=39, capacity=05) -> center(x=28, y=33)
Edge: distance: 15.56 transmition: 3 cost: 726           sensor(x=40, y=60, capacity=01) -> center(x=29, y=49)
Edge: distance: 13.42 transmition: 5 cost: 900           sensor(x=45, y=26, capacity=02) -> center(x=33, y=20)
Edge: distance: 26.08 transmition: 15 cost: 10200                sensor(x=59, y=18, capacity=05) -> center(x=33, y=20)
Edge: distance: 12.65 transmition: 1 cost: 160           sensor(x=18, y=78, capacity=01) -> sensor(x=14, y=90, capacity=02)
Edge: distance: 24.70 transmition: 2 cost: 1220          sensor(x=62, y=49, capacity=02) -> sensor(x=41, y=36, capacity=01)
Edge: distance: 9.22 transmition: 5 cost: 425            sensor(x=53, y=89, capacity=05) -> sensor(x=51, y=80, capacity=05)
Edge: distance: 6.40 transmition: 3 cost: 123            sensor(x=12, y=77, capacity=01) -> sensor(x=07, y=81, capacity=02)
Edge: distance: 5.10 transmition: 2 cost: 52             sensor(x=49, y=07, capacity=02) -> sensor(x=48, y=02, capacity=02)
Edge: distance: 38.60 transmition: 10 cost: 14900                sensor(x=70, y=09, capacity=05) -> center(x=33, y=20)
Edge: distance: 43.91 transmition: 3 cost: 5784          sensor(x=64, y=62, capacity=01) -> sensor(x=26, y=40, capacity=05)
Edge: distance: 5.00 transmition: 5 cost: 125            sensor(x=14, y=90, capacity=02) -> center(x=10, y=93)
Edge: distance: 31.40 transmition: 5 cost: 4930          sensor(x=93, y=91, capacity=05) -> sensor(x=74, y=66, capacity=05)
Edge: distance: 9.49 transmition: 3 cost: 270            sensor(x=63, y=44, capacity=01) -> sensor(x=54, y=41, capacity=01)
Edge: distance: 21.21 transmition: 3 cost: 1350          sensor(x=49, y=76, capacity=02) -> sensor(x=34, y=61, capacity=02)
Edge: distance: 18.79 transmition: 5 cost: 1765          sensor(x=02, y=76, capacity=05) -> center(x=10, y=93)
Edge: distance: 12.53 transmition: 1 cost: 157           sensor(x=20, y=79, capacity=01) -> sensor(x=14, y=90, capacity=02)
Edge: distance: 20.00 transmition: 6 cost: 2400          sensor(x=26, y=81, capacity=02) -> center(x=10, y=93)
Edge: distance: 20.40 transmition: 5 cost: 2080          sensor(x=82, y=01, capacity=05) -> sensor(x=62, y=05, capacity=01)
Edge: distance: 9.22 transmition: 3 cost: 255            sensor(x=08, y=57, capacity=01) -> sensor(x=06, y=48, capacity=05)
Edge: distance: 10.44 transmition: 2 cost: 218           sensor(x=00, y=13, capacity=02) -> sensor(x=10, y=16, capacity=01)
Edge: distance: 2.24 transmition: 15 cost: 75            sensor(x=26, y=32, capacity=05) -> center(x=28, y=33)
Edge: distance: 4.12 transmition: 1 cost: 17             sensor(x=06, y=92, capacity=01) -> center(x=10, y=93)
Edge: distance: 10.00 transmition: 2 cost: 200           sensor(x=74, y=29, capacity=02) -> sensor(x=68, y=21, capacity=05)
Edge: distance: 7.28 transmition: 15 cost: 795           sensor(x=26, y=40, capacity=05) -> center(x=28, y=33)
Edge: distance: 11.00 transmition: 1 cost: 121           sensor(x=31, y=69, capacity=01) -> sensor(x=31, y=58, capacity=01)
Edge: distance: 13.00 transmition: 5 cost: 845           sensor(x=34, y=61, capacity=02) -> center(x=29, y=49)
Edge: distance: 23.35 transmition: 9 cost: 4905          sensor(x=68, y=21, capacity=05) -> sensor(x=51, y=05, capacity=05)
Edge: distance: 22.63 transmition: 3 cost: 1536          sensor(x=10, y=16, capacity=01) -> sensor(x=26, y=32, capacity=05)
Edge: distance: 10.77 transmition: 3 cost: 348           sensor(x=96, y=68, capacity=02) -> sensor(x=86, y=72, capacity=01)
Edge: distance: 8.54 transmition: 15 cost: 1095          sensor(x=37, y=52, capacity=05) -> center(x=29, y=49)
Edge: distance: 2.83 transmition: 1 cost: 8              sensor(x=87, y=49, capacity=01) -> sensor(x=85, y=51, capacity=02)
Edge: distance: 18.38 transmition: 3 cost: 1014          sensor(x=40, y=03, capacity=02) -> center(x=33, y=20)
Edge: distance: 13.15 transmition: 15 cost: 2595                 sensor(x=35, y=07, capacity=05) -> center(x=33, y=20)
Edge: distance: 16.40 transmition: 1 cost: 269           sensor(x=62, y=86, capacity=01) -> sensor(x=49, y=76, capacity=02)
Cost: 209399
Volumne: 265 Mbits
Best Score (To minimize): 0.0174532356098554