Reusing configuration cache.
> Task :app:processResources NO-SOURCE
> Task :app:compileJava
> Task :app:classes

> Task :app:run
2983 ms
sensor(x=28, y=33, capacity=01)
sensor(x=33, y=20, capacity=02)
sensor(x=10, y=93, capacity=05)
sensor(x=29, y=49, capacity=01)
sensor(x=97, y=37, capacity=02)
sensor(x=60, y=38, capacity=05)
sensor(x=47, y=86, capacity=01)
sensor(x=89, y=64, capacity=02)
sensor(x=50, y=12, capacity=05)
sensor(x=97, y=27, capacity=01)
sensor(x=74, y=59, capacity=02)
sensor(x=07, y=46, capacity=05)
sensor(x=78, y=63, capacity=01)
sensor(x=72, y=96, capacity=02)
sensor(x=89, y=06, capacity=05)
sensor(x=18, y=44, capacity=01)
sensor(x=54, y=26, capacity=02)
sensor(x=50, y=54, capacity=05)
sensor(x=73, y=18, capacity=01)
sensor(x=53, y=43, capacity=02)
sensor(x=41, y=90, capacity=05)
sensor(x=76, y=23, capacity=01)
sensor(x=90, y=67, capacity=02)
sensor(x=44, y=10, capacity=05)
sensor(x=56, y=28, capacity=01)
sensor(x=97, y=00, capacity=02)
sensor(x=06, y=96, capacity=05)
sensor(x=40, y=34, capacity=01)
sensor(x=18, y=53, capacity=02)
sensor(x=20, y=79, capacity=05)
sensor(x=62, y=43, capacity=01)
sensor(x=29, y=03, capacity=02)
sensor(x=56, y=30, capacity=05)
sensor(x=03, y=28, capacity=01)
sensor(x=95, y=20, capacity=02)
sensor(x=66, y=78, capacity=05)
sensor(x=89, y=59, capacity=01)
sensor(x=84, y=97, capacity=02)
sensor(x=73, y=68, capacity=05)
sensor(x=57, y=99, capacity=01)
sensor(x=14, y=73, capacity=02)
sensor(x=76, y=51, capacity=05)
sensor(x=75, y=93, capacity=01)
sensor(x=70, y=82, capacity=02)
sensor(x=23, y=78, capacity=05)
sensor(x=54, y=28, capacity=01)
sensor(x=45, y=76, capacity=02)
sensor(x=68, y=91, capacity=05)
sensor(x=64, y=61, capacity=01)
sensor(x=84, y=57, capacity=02)
sensor(x=96, y=01, capacity=05)
sensor(x=96, y=32, capacity=01)
sensor(x=84, y=80, capacity=02)
sensor(x=70, y=03, capacity=05)
sensor(x=05, y=06, capacity=01)
sensor(x=59, y=11, capacity=02)
sensor(x=53, y=56, capacity=05)
sensor(x=60, y=11, capacity=01)
sensor(x=86, y=10, capacity=02)
sensor(x=20, y=54, capacity=05)
sensor(x=49, y=69, capacity=01)
sensor(x=64, y=08, capacity=02)
sensor(x=74, y=06, capacity=05)
sensor(x=91, y=92, capacity=01)
sensor(x=91, y=68, capacity=02)
sensor(x=17, y=13, capacity=05)
sensor(x=89, y=07, capacity=01)
sensor(x=34, y=51, capacity=02)
sensor(x=71, y=46, capacity=05)
sensor(x=65, y=17, capacity=01)
sensor(x=01, y=04, capacity=02)
sensor(x=87, y=06, capacity=05)
sensor(x=05, y=19, capacity=01)
sensor(x=35, y=29, capacity=02)
sensor(x=81, y=70, capacity=05)
sensor(x=99, y=34, capacity=01)
sensor(x=82, y=02, capacity=02)
sensor(x=69, y=26, capacity=05)
sensor(x=98, y=44, capacity=01)
sensor(x=73, y=34, capacity=02)
sensor(x=96, y=17, capacity=05)
sensor(x=10, y=69, capacity=01)
sensor(x=16, y=50, capacity=02)
sensor(x=77, y=76, capacity=05)
sensor(x=86, y=23, capacity=01)
sensor(x=48, y=68, capacity=02)
sensor(x=37, y=56, capacity=05)
sensor(x=77, y=20, capacity=01)
sensor(x=25, y=00, capacity=02)
sensor(x=23, y=48, capacity=05)
sensor(x=78, y=18, capacity=01)
sensor(x=90, y=81, capacity=02)
sensor(x=49, y=61, capacity=05)
sensor(x=08, y=35, capacity=01)
sensor(x=96, y=07, capacity=02)
sensor(x=03, y=69, capacity=05)
sensor(x=37, y=74, capacity=01)
sensor(x=79, y=44, capacity=02)
sensor(x=44, y=28, capacity=05)
sensor(x=12, y=67, capacity=01)
center(x=60, y=48)
center(x=29, y=47)
center(x=15, y=53)
center(x=91, y=61)
Edge: distance: 8.06 transmition: 1 cost: 65		 sensor(x=28, y=33, capacity=01) -> sensor(x=35, y=29, capacity=02)
Edge: distance: 9.22 transmition: 6 cost: 510		 sensor(x=33, y=20, capacity=02) -> sensor(x=35, y=29, capacity=02)
Edge: distance: 17.20 transmition: 10 cost: 2960		 sensor(x=10, y=93, capacity=05) -> sensor(x=20, y=79, capacity=05)
Edge: distance: 2.00 transmition: 3 cost: 12		 sensor(x=29, y=49, capacity=01) -> center(x=29, y=47)
Edge: distance: 24.74 transmition: 6 cost: 3672		 sensor(x=97, y=37, capacity=02) -> center(x=91, y=61)
Edge: distance: 10.00 transmition: 15 cost: 1500		 sensor(x=60, y=38, capacity=05) -> center(x=60, y=48)
Edge: distance: 10.20 transmition: 3 cost: 312		 sensor(x=47, y=86, capacity=01) -> sensor(x=45, y=76, capacity=02)
Edge: distance: 3.61 transmition: 6 cost: 78		 sensor(x=89, y=64, capacity=02) -> center(x=91, y=61)
Edge: distance: 9.06 transmition: 5 cost: 410		 sensor(x=50, y=12, capacity=05) -> sensor(x=59, y=11, capacity=02)
Edge: distance: 5.10 transmition: 1 cost: 26		 sensor(x=97, y=27, capacity=01) -> sensor(x=96, y=32, capacity=01)
Edge: distance: 5.66 transmition: 2 cost: 64		 sensor(x=74, y=59, capacity=02) -> sensor(x=78, y=63, capacity=01)
Edge: distance: 10.63 transmition: 14 cost: 1582		 sensor(x=07, y=46, capacity=05) -> center(x=15, y=53)
Edge: distance: 13.15 transmition: 3 cost: 519		 sensor(x=78, y=63, capacity=01) -> center(x=91, y=61)
Edge: distance: 6.40 transmition: 2 cost: 82		 sensor(x=72, y=96, capacity=02) -> sensor(x=68, y=91, capacity=05)
Edge: distance: 1.00 transmition: 5 cost: 5		 sensor(x=89, y=06, capacity=05) -> sensor(x=89, y=07, capacity=01)
Edge: distance: 9.49 transmition: 1 cost: 90		 sensor(x=18, y=44, capacity=01) -> center(x=15, y=53)
Edge: distance: 2.00 transmition: 3 cost: 12		 sensor(x=54, y=26, capacity=02) -> sensor(x=54, y=28, capacity=01)
Edge: distance: 3.61 transmition: 5 cost: 65		 sensor(x=50, y=54, capacity=05) -> sensor(x=53, y=56, capacity=05)
Edge: distance: 4.47 transmition: 1 cost: 20		 sensor(x=73, y=18, capacity=01) -> sensor(x=77, y=20, capacity=01)
Edge: distance: 8.60 transmition: 6 cost: 444		 sensor(x=53, y=43, capacity=02) -> center(x=60, y=48)
Edge: distance: 7.21 transmition: 5 cost: 260		 sensor(x=41, y=90, capacity=05) -> sensor(x=47, y=86, capacity=01)
Edge: distance: 3.16 transmition: 1 cost: 10		 sensor(x=76, y=23, capacity=01) -> sensor(x=77, y=20, capacity=01)
Edge: distance: 6.08 transmition: 6 cost: 222		 sensor(x=90, y=67, capacity=02) -> center(x=91, y=61)
Edge: distance: 14.87 transmition: 5 cost: 1105		 sensor(x=44, y=10, capacity=05) -> sensor(x=33, y=20, capacity=02)
Edge: distance: 16.16 transmition: 1 cost: 261		 sensor(x=56, y=28, capacity=01) -> sensor(x=62, y=43, capacity=01)
Edge: distance: 25.50 transmition: 6 cost: 3900		 sensor(x=97, y=00, capacity=02) -> sensor(x=86, y=23, capacity=01)
Edge: distance: 5.00 transmition: 5 cost: 125		 sensor(x=06, y=96, capacity=05) -> sensor(x=10, y=93, capacity=05)
Edge: distance: 17.03 transmition: 1 cost: 290		 sensor(x=40, y=34, capacity=01) -> center(x=29, y=47)
Edge: distance: 2.24 transmition: 6 cost: 30		 sensor(x=18, y=53, capacity=02) -> sensor(x=20, y=54, capacity=05)
Edge: distance: 26.48 transmition: 15 cost: 10515		 sensor(x=20, y=79, capacity=05) -> center(x=15, y=53)
Edge: distance: 5.39 transmition: 2 cost: 58		 sensor(x=62, y=43, capacity=01) -> center(x=60, y=48)
Edge: distance: 5.00 transmition: 2 cost: 50		 sensor(x=29, y=03, capacity=02) -> sensor(x=25, y=00, capacity=02)
Edge: distance: 18.44 transmition: 15 cost: 5100		 sensor(x=56, y=30, capacity=05) -> center(x=60, y=48)
Edge: distance: 25.55 transmition: 3 cost: 1959		 sensor(x=03, y=28, capacity=01) -> sensor(x=16, y=50, capacity=02)
Edge: distance: 17.12 transmition: 4 cost: 1172		 sensor(x=95, y=20, capacity=02) -> sensor(x=97, y=37, capacity=02)
Edge: distance: 11.18 transmition: 5 cost: 625		 sensor(x=66, y=78, capacity=05) -> sensor(x=77, y=76, capacity=05)
Edge: distance: 5.00 transmition: 3 cost: 75		 sensor(x=89, y=59, capacity=01) -> sensor(x=89, y=64, capacity=02)
Edge: distance: 8.60 transmition: 2 cost: 148		 sensor(x=84, y=97, capacity=02) -> sensor(x=91, y=92, capacity=01)
Edge: distance: 19.31 transmition: 15 cost: 5595		 sensor(x=73, y=68, capacity=05) -> center(x=91, y=61)
Edge: distance: 16.40 transmition: 1 cost: 269		 sensor(x=57, y=99, capacity=01) -> sensor(x=47, y=86, capacity=01)
Edge: distance: 6.32 transmition: 2 cost: 80		 sensor(x=14, y=73, capacity=02) -> sensor(x=12, y=67, capacity=01)
Edge: distance: 16.28 transmition: 15 cost: 3975		 sensor(x=76, y=51, capacity=05) -> center(x=60, y=48)
Edge: distance: 7.28 transmition: 1 cost: 53		 sensor(x=75, y=93, capacity=01) -> sensor(x=68, y=91, capacity=05)
Edge: distance: 14.32 transmition: 6 cost: 1230		 sensor(x=70, y=82, capacity=02) -> sensor(x=73, y=68, capacity=05)
Edge: distance: 14.56 transmition: 5 cost: 1060		 sensor(x=23, y=78, capacity=05) -> sensor(x=37, y=74, capacity=01)
Edge: distance: 15.03 transmition: 3 cost: 678		 sensor(x=54, y=28, capacity=01) -> sensor(x=53, y=43, capacity=02)
Edge: distance: 8.06 transmition: 6 cost: 390		 sensor(x=45, y=76, capacity=02) -> sensor(x=49, y=69, capacity=01)
Edge: distance: 9.22 transmition: 8 cost: 680		 sensor(x=68, y=91, capacity=05) -> sensor(x=70, y=82, capacity=02)
Edge: distance: 13.60 transmition: 1 cost: 185		 sensor(x=64, y=61, capacity=01) -> center(x=60, y=48)
Edge: distance: 5.39 transmition: 2 cost: 58		 sensor(x=84, y=57, capacity=02) -> sensor(x=89, y=59, capacity=01)
Edge: distance: 1.41 transmition: 7 cost: 14		 sensor(x=96, y=01, capacity=05) -> sensor(x=97, y=00, capacity=02)
Edge: distance: 3.61 transmition: 2 cost: 26		 sensor(x=96, y=32, capacity=01) -> sensor(x=99, y=34, capacity=01)
Edge: distance: 13.89 transmition: 2 cost: 386		 sensor(x=84, y=80, capacity=02) -> sensor(x=91, y=68, capacity=02)
Edge: distance: 5.00 transmition: 5 cost: 125		 sensor(x=70, y=03, capacity=05) -> sensor(x=74, y=06, capacity=05)
Edge: distance: 13.00 transmition: 3 cost: 507		 sensor(x=05, y=06, capacity=01) -> sensor(x=05, y=19, capacity=01)
Edge: distance: 19.24 transmition: 6 cost: 2220		 sensor(x=59, y=11, capacity=02) -> sensor(x=56, y=30, capacity=05)
Edge: distance: 10.63 transmition: 10 cost: 1130		 sensor(x=53, y=56, capacity=05) -> center(x=60, y=48)
Edge: distance: 1.00 transmition: 3 cost: 3		 sensor(x=60, y=11, capacity=01) -> sensor(x=59, y=11, capacity=02)
Edge: distance: 4.24 transmition: 2 cost: 36		 sensor(x=86, y=10, capacity=02) -> sensor(x=89, y=07, capacity=01)
Edge: distance: 5.10 transmition: 15 cost: 390		 sensor(x=20, y=54, capacity=05) -> center(x=15, y=53)
Edge: distance: 17.69 transmition: 3 cost: 939		 sensor(x=49, y=69, capacity=01) -> sensor(x=37, y=56, capacity=05)
Edge: distance: 5.00 transmition: 2 cost: 50		 sensor(x=64, y=08, capacity=02) -> sensor(x=60, y=11, capacity=01)
Edge: distance: 34.93 transmition: 10 cost: 12200		 sensor(x=74, y=06, capacity=05) -> sensor(x=60, y=38, capacity=05)
Edge: distance: 11.05 transmition: 3 cost: 366		 sensor(x=91, y=92, capacity=01) -> sensor(x=90, y=81, capacity=02)
Edge: distance: 1.41 transmition: 4 cost: 8		 sensor(x=91, y=68, capacity=02) -> sensor(x=90, y=67, capacity=02)
Edge: distance: 20.52 transmition: 5 cost: 2105		 sensor(x=17, y=13, capacity=05) -> sensor(x=03, y=28, capacity=01)
Edge: distance: 38.33 transmition: 3 cost: 4407		 sensor(x=89, y=07, capacity=01) -> sensor(x=79, y=44, capacity=02)
Edge: distance: 5.39 transmition: 2 cost: 58		 sensor(x=34, y=51, capacity=02) -> sensor(x=29, y=49, capacity=01)
Edge: distance: 11.18 transmition: 15 cost: 1875		 sensor(x=71, y=46, capacity=05) -> center(x=60, y=48)
Edge: distance: 14.21 transmition: 1 cost: 202		 sensor(x=65, y=17, capacity=01) -> sensor(x=54, y=26, capacity=02)
Edge: distance: 4.47 transmition: 2 cost: 40		 sensor(x=01, y=04, capacity=02) -> sensor(x=05, y=06, capacity=01)
Edge: distance: 14.21 transmition: 5 cost: 1010		 sensor(x=87, y=06, capacity=05) -> sensor(x=96, y=17, capacity=05)
Edge: distance: 16.28 transmition: 3 cost: 795		 sensor(x=05, y=19, capacity=01) -> sensor(x=08, y=35, capacity=01)
Edge: distance: 22.47 transmition: 6 cost: 3030		 sensor(x=35, y=29, capacity=02) -> sensor(x=23, y=48, capacity=05)
Edge: distance: 13.45 transmition: 15 cost: 2715		 sensor(x=81, y=70, capacity=05) -> center(x=91, y=61)
Edge: distance: 28.16 transmition: 3 cost: 2379		 sensor(x=99, y=34, capacity=01) -> center(x=91, y=61)
Edge: distance: 22.20 transmition: 2 cost: 986		 sensor(x=82, y=02, capacity=02) -> sensor(x=95, y=20, capacity=02)
Edge: distance: 23.77 transmition: 15 cost: 8475		 sensor(x=69, y=26, capacity=05) -> center(x=60, y=48)
Edge: distance: 17.49 transmition: 1 cost: 306		 sensor(x=98, y=44, capacity=01) -> sensor(x=89, y=59, capacity=01)
Edge: distance: 19.10 transmition: 6 cost: 2190		 sensor(x=73, y=34, capacity=02) -> center(x=60, y=48)
Edge: distance: 39.45 transmition: 10 cost: 15560		 sensor(x=96, y=17, capacity=05) -> sensor(x=76, y=51, capacity=05)
Edge: distance: 16.76 transmition: 1 cost: 281		 sensor(x=10, y=69, capacity=01) -> center(x=15, y=53)
Edge: distance: 3.61 transmition: 6 cost: 78		 sensor(x=16, y=50, capacity=02) -> sensor(x=18, y=53, capacity=02)
Edge: distance: 7.21 transmition: 10 cost: 520		 sensor(x=77, y=76, capacity=05) -> sensor(x=81, y=70, capacity=05)
Edge: distance: 17.26 transmition: 3 cost: 894		 sensor(x=86, y=23, capacity=01) -> sensor(x=69, y=26, capacity=05)
Edge: distance: 7.07 transmition: 6 cost: 300		 sensor(x=48, y=68, capacity=02) -> sensor(x=49, y=61, capacity=05)
Edge: distance: 12.04 transmition: 15 cost: 2175		 sensor(x=37, y=56, capacity=05) -> center(x=29, y=47)
Edge: distance: 2.24 transmition: 3 cost: 15		 sensor(x=77, y=20, capacity=01) -> sensor(x=78, y=18, capacity=01)
Edge: distance: 20.88 transmition: 4 cost: 1744		 sensor(x=25, y=00, capacity=02) -> sensor(x=05, y=06, capacity=01)
Edge: distance: 6.08 transmition: 15 cost: 555		 sensor(x=23, y=48, capacity=05) -> center(x=29, y=47)
Edge: distance: 16.76 transmition: 3 cost: 843		 sensor(x=78, y=18, capacity=01) -> sensor(x=73, y=34, capacity=02)
Edge: distance: 20.02 transmition: 5 cost: 2005		 sensor(x=90, y=81, capacity=02) -> center(x=91, y=61)
Edge: distance: 17.03 transmition: 13 cost: 3770		 sensor(x=49, y=61, capacity=05) -> center(x=60, y=48)
Edge: distance: 11.05 transmition: 3 cost: 366		 sensor(x=08, y=35, capacity=01) -> sensor(x=07, y=46, capacity=05)
Edge: distance: 6.00 transmition: 2 cost: 72		 sensor(x=96, y=07, capacity=02) -> sensor(x=96, y=01, capacity=05)
Edge: distance: 20.00 transmition: 5 cost: 2000		 sensor(x=03, y=69, capacity=05) -> center(x=15, y=53)
Edge: distance: 12.53 transmition: 3 cost: 471		 sensor(x=37, y=74, capacity=01) -> sensor(x=48, y=68, capacity=02)
Edge: distance: 8.25 transmition: 6 cost: 408		 sensor(x=79, y=44, capacity=02) -> sensor(x=71, y=46, capacity=05)
Edge: distance: 24.21 transmition: 5 cost: 2930		 sensor(x=44, y=28, capacity=05) -> center(x=29, y=47)
Edge: distance: 14.32 transmition: 3 cost: 615		 sensor(x=12, y=67, capacity=01) -> center(x=15, y=53)
Cost: 137161
Volumne: 265 Mbits
Best Score (To minimize): 0.016554190797469646

BUILD SUCCESSFUL in 8s
2 actionable tasks: 2 executed
Configuration cache entry reused.
