Reusing configuration cache.
> Task :app:processResources NO-SOURCE
> Task :app:compileJava UP-TO-DATE
> Task :app:classes UP-TO-DATE

> Task :app:run
Directorio actual: /mnt/c/Users/XF/Documents/UPC/3 Grau/Quatrimestre 2/IA/NetSensors/app
sensor(x=88, y=47, capacity=01)
sensor(x=54, y=04, capacity=01)
sensor(x=06, y=78, capacity=05)
sensor(x=69, y=73, capacity=02)
sensor(x=63, y=62, capacity=02)
sensor(x=92, y=62, capacity=02)
sensor(x=89, y=76, capacity=01)
sensor(x=10, y=99, capacity=05)
sensor(x=59, y=98, capacity=05)
sensor(x=37, y=02, capacity=05)
center(x=85, y=88)
center(x=47, y=13)
Edge: distance: 68.01 transmition: 1 cost: 4626		 sensor(x=88, y=47, capacity=01) -> sensor(x=37, y=02, capacity=05)
Edge: distance: 17.12 transmition: 1 cost: 293		 sensor(x=54, y=04, capacity=01) -> sensor(x=37, y=02, capacity=05)
Edge: distance: 82.08 transmition: 10 cost: 67370		 sensor(x=06, y=78, capacity=05) -> sensor(x=37, y=02, capacity=05)
Edge: distance: 26.93 transmition: 2 cost: 1450		 sensor(x=69, y=73, capacity=02) -> sensor(x=59, y=98, capacity=05)
Edge: distance: 36.22 transmition: 2 cost: 2624		 sensor(x=63, y=62, capacity=02) -> sensor(x=59, y=98, capacity=05)
Edge: distance: 89.96 transmition: 2 cost: 16186		 sensor(x=92, y=62, capacity=02) -> sensor(x=10, y=99, capacity=05)
Edge: distance: 83.02 transmition: 1 cost: 6893		 sensor(x=89, y=76, capacity=01) -> sensor(x=06, y=78, capacity=05)
Edge: distance: 21.38 transmition: 7 cost: 3199		 sensor(x=10, y=99, capacity=05) -> sensor(x=06, y=78, capacity=05)
Edge: distance: 56.65 transmition: 9 cost: 28881		 sensor(x=59, y=98, capacity=05) -> sensor(x=06, y=78, capacity=05)
Edge: distance: 98.49 transmition: 15 cost: 145500		 sensor(x=37, y=02, capacity=05) -> center(x=85, y=88)
Cost: 243337.0
Volumne: 15 Mbits

BUILD SUCCESSFUL in 932ms
2 actionable tasks: 1 executed, 1 up-to-date
Configuration cache entry reused.
